16:13:14 **** Incremental Build of configuration Debug for project lab2 ****
make -j8 all 
arm-none-eabi-size   lab2.elf 
   text	   data	    bss	    dec	    hex	filename
  24132	    216	   2904	  27252	   6a74	lab2.elf
Finished building: default.size.stdout
 
16:13:54 **** Incremental Build of configuration Debug for project lab2 ****
make -j8 all 
arm-none-eabi-size   lab2.elf 
   text	   data	    bss	    dec	    hex	filename
  24132	    216	   2904	  27252	   6a74	lab2.elf
Finished building: default.size.stdout
 
16:02:04 **** Incremental Build of configuration Debug for project lab2 ****
make -j8 all 
arm-none-eabi-gcc "../Core/Src/main.c" -mcpu=cortex-m7 -std=gnu11 -g3 -DUSE_HAL_DRIVER -DSTM32H743xx -DDEBUG -c -I../Core/Inc -I../Drivers/STM32H7xx_HAL_Driver/Inc -I../Drivers/STM32H7xx_HAL_Driver/Inc/Legacy -I../Drivers/CMSIS/Device/ST/STM32H7xx/Include -I../Drivers/CMSIS/Include -O0 -ffunction-sections -fdata-sections -Wall -fstack-usage -MMD -MP -MF"Core/Src/main.d" -MT"Core/Src/main.o" --specs=nano.specs -mfpu=fpv5-d16 -mfloat-abi=hard -mthumb -o "Core/Src/main.o"
In file included from ../Core/Inc/stm32h7xx_hal_conf.h:249:0,
                 from ../Drivers/STM32H7xx_HAL_Driver/Inc/stm32h7xx_hal.h:30,
                 from ../Core/Inc/main.h:31,
                 from ../Core/Src/main.c:21:
../Drivers/STM32H7xx_HAL_Driver/Inc/stm32h7xx_hal_gpio.h:99:47: error: expected ')' before numeric constant
 #define GPIO_PIN_13                ((uint16_t)0x2000)  /* Pin 13 selected   */
                                               ^
../Core/Inc/main.h:61:22: note: in expansion of macro 'GPIO_PIN_13'
 #define USER_Btn_Pin GPIO_PIN_13
                      ^~~~~~~~~~~
../Core/Src/main.c:392:38: note: in expansion of macro 'USER_Btn_Pin'
 void HAL_GPIO_EXTI_Callback(uint16_t USER_Btn_Pin)
                                      ^~~~~~~~~~~~
make: *** [Core/Src/subdir.mk:33: Core/Src/main.o] Error 1
"make -j8 all" terminated with exit code 2. Build might be incomplete.
16:02:24 **** Incremental Build of configuration Debug for project lab2 ****
make -j8 all 
arm-none-eabi-gcc "../Core/Src/main.c" -mcpu=cortex-m7 -std=gnu11 -g3 -DUSE_HAL_DRIVER -DSTM32H743xx -DDEBUG -c -I../Core/Inc -I../Drivers/STM32H7xx_HAL_Driver/Inc -I../Drivers/STM32H7xx_HAL_Driver/Inc/Legacy -I../Drivers/CMSIS/Device/ST/STM32H7xx/Include -I../Drivers/CMSIS/Include -O0 -ffunction-sections -fdata-sections -Wall -fstack-usage -MMD -MP -MF"Core/Src/main.d" -MT"Core/Src/main.o" --specs=nano.specs -mfpu=fpv5-d16 -mfloat-abi=hard -mthumb -o "Core/Src/main.o"
In file included from ../Core/Inc/stm32h7xx_hal_conf.h:249:0,
                 from ../Drivers/STM32H7xx_HAL_Driver/Inc/stm32h7xx_hal.h:30,
                 from ../Core/Inc/main.h:31,
                 from ../Core/Src/main.c:21:
../Drivers/STM32H7xx_HAL_Driver/Inc/stm32h7xx_hal_gpio.h:99:47: error: expected ')' before numeric constant
 #define GPIO_PIN_13                ((uint16_t)0x2000)  /* Pin 13 selected   */
                                               ^
../Core/Inc/main.h:61:22: note: in expansion of macro 'GPIO_PIN_13'
 #define USER_Btn_Pin GPIO_PIN_13
                      ^~~~~~~~~~~
../Core/Src/main.c:392:38: note: in expansion of macro 'USER_Btn_Pin'
 void HAL_GPIO_EXTI_Callback(uint16_t USER_Btn_Pin)
                                      ^~~~~~~~~~~~
make: *** [Core/Src/subdir.mk:33: Core/Src/main.o] Error 1
"make -j8 all" terminated with exit code 2. Build might be incomplete.
16:02:59 **** Incremental Build of configuration Debug for project lab2 ****
make -j8 all 
arm-none-eabi-gcc "../Core/Src/main.c" -mcpu=cortex-m7 -std=gnu11 -g3 -DUSE_HAL_DRIVER -DSTM32H743xx -DDEBUG -c -I../Core/Inc -I../Drivers/STM32H7xx_HAL_Driver/Inc -I../Drivers/STM32H7xx_HAL_Driver/Inc/Legacy -I../Drivers/CMSIS/Device/ST/STM32H7xx/Include -I../Drivers/CMSIS/Include -O0 -ffunction-sections -fdata-sections -Wall -fstack-usage -MMD -MP -MF"Core/Src/main.d" -MT"Core/Src/main.o" --specs=nano.specs -mfpu=fpv5-d16 -mfloat-abi=hard -mthumb -o "Core/Src/main.o"
arm-none-eabi-gcc -o "lab2.elf" @"objects.list"   -mcpu=cortex-m7 -T"D:\HWs\STM32\lab2\STM32H743ZITX_FLASH.ld" --specs=nosys.specs -Wl,-Map="lab2.map" -Wl,--gc-sections -static --specs=nano.specs -mfpu=fpv5-d16 -mfloat-abi=hard -mthumb -Wl,--start-group -lc -lm -Wl,--end-group
Finished building target: lab2.elf
 
arm-none-eabi-objdump -h -S  lab2.elf  > "lab2.list"
arm-none-eabi-objcopy  -O binary  lab2.elf  "lab2.bin"
arm-none-eabi-size   lab2.elf 
   text	   data	    bss	    dec	    hex	filename
  24136	    216	   2904	  27256	   6a78	lab2.elf
Finished building: default.size.stdout
 
Finished building: lab2.bin
 
Finished building: lab2.list
 
16:17:00 **** Incremental Build of configuration Debug for project lab2 ****
make -j8 all 
arm-none-eabi-size   lab2.elf 
   text	   data	    bss	    dec	    hex	filename
  24136	    216	   2904	  27256	   6a78	lab2.elf
Finished building: default.size.stdout
 
16:17:26 **** Incremental Build of configuration Debug for project lab2 ****
make -j8 all 
arm-none-eabi-gcc "../Core/Src/main.c" -mcpu=cortex-m7 -std=gnu11 -g3 -DUSE_HAL_DRIVER -DSTM32H743xx -DDEBUG -c -I../Core/Inc -I../Drivers/STM32H7xx_HAL_Driver/Inc -I../Drivers/STM32H7xx_HAL_Driver/Inc/Legacy -I../Drivers/CMSIS/Device/ST/STM32H7xx/Include -I../Drivers/CMSIS/Include -O0 -ffunction-sections -fdata-sections -Wall -fstack-usage -MMD -MP -MF"Core/Src/main.d" -MT"Core/Src/main.o" --specs=nano.specs -mfpu=fpv5-d16 -mfloat-abi=hard -mthumb -o "Core/Src/main.o"
arm-none-eabi-gcc -o "lab2.elf" @"objects.list"   -mcpu=cortex-m7 -T"D:\HWs\STM32\lab2\STM32H743ZITX_FLASH.ld" --specs=nosys.specs -Wl,-Map="lab2.map" -Wl,--gc-sections -static --specs=nano.specs -mfpu=fpv5-d16 -mfloat-abi=hard -mthumb -Wl,--start-group -lc -lm -Wl,--end-group
Finished building target: lab2.elf
 
arm-none-eabi-objdump -h -S  lab2.elf  > "lab2.list"
arm-none-eabi-objcopy  -O binary  lab2.elf  "lab2.bin"
arm-none-eabi-size   lab2.elf 
   text	   data	    bss	    dec	    hex	filename
  24152	    216	   2904	  27272	   6a88	lab2.elf
Finished building: default.size.stdout
 
Finished building: lab2.bin
 
Finished building: lab2.list
 
16:18:02 **** Incremental Build of configuration Debug for project lab2 ****
make -j8 all 
arm-none-eabi-gcc "../Core/Src/main.c" -mcpu=cortex-m7 -std=gnu11 -g3 -DUSE_HAL_DRIVER -DSTM32H743xx -DDEBUG -c -I../Core/Inc -I../Drivers/STM32H7xx_HAL_Driver/Inc -I../Drivers/STM32H7xx_HAL_Driver/Inc/Legacy -I../Drivers/CMSIS/Device/ST/STM32H7xx/Include -I../Drivers/CMSIS/Include -O0 -ffunction-sections -fdata-sections -Wall -fstack-usage -MMD -MP -MF"Core/Src/main.d" -MT"Core/Src/main.o" --specs=nano.specs -mfpu=fpv5-d16 -mfloat-abi=hard -mthumb -o "Core/Src/main.o"
arm-none-eabi-gcc -o "lab2.elf" @"objects.list"   -mcpu=cortex-m7 -T"D:\HWs\STM32\lab2\STM32H743ZITX_FLASH.ld" --specs=nosys.specs -Wl,-Map="lab2.map" -Wl,--gc-sections -static --specs=nano.specs -mfpu=fpv5-d16 -mfloat-abi=hard -mthumb -Wl,--start-group -lc -lm -Wl,--end-group
Finished building target: lab2.elf
 
arm-none-eabi-objdump -h -S  lab2.elf  > "lab2.list"
arm-none-eabi-objcopy  -O binary  lab2.elf  "lab2.bin"
arm-none-eabi-size   lab2.elf 
   text	   data	    bss	    dec	    hex	filename
  24148	    216	   2904	  27268	   6a84	lab2.elf
Finished building: default.size.stdout
 
Finished building: lab2.bin
 
Finished building: lab2.list
 
17:02:51 **** Incremental Build of configuration Debug for project lab2 ****
make -j8 all 
arm-none-eabi-gcc "../Drivers/STM32H7xx_HAL_Driver/Src/stm32h7xx_hal.c" -mcpu=cortex-m7 -std=gnu11 -g3 -DUSE_HAL_DRIVER -DSTM32H743xx -DDEBUG -c -I../Core/Inc -I../Drivers/STM32H7xx_HAL_Driver/Inc -I../Drivers/STM32H7xx_HAL_Driver/Inc/Legacy -I../Drivers/CMSIS/Device/ST/STM32H7xx/Include -I../Drivers/CMSIS/Include -O0 -ffunction-sections -fdata-sections -Wall -fstack-usage -MMD -MP -MF"Drivers/STM32H7xx_HAL_Driver/Src/stm32h7xx_hal.d" -MT"Drivers/STM32H7xx_HAL_Driver/Src/stm32h7xx_hal.o" --specs=nano.specs -mfpu=fpv5-d16 -mfloat-abi=hard -mthumb -o "Drivers/STM32H7xx_HAL_Driver/Src/stm32h7xx_hal.o"
arm-none-eabi-gcc "../Drivers/STM32H7xx_HAL_Driver/Src/stm32h7xx_hal_cortex.c" -mcpu=cortex-m7 -std=gnu11 -g3 -DUSE_HAL_DRIVER -DSTM32H743xx -DDEBUG -c -I../Core/Inc -I../Drivers/STM32H7xx_HAL_Driver/Inc -I../Drivers/STM32H7xx_HAL_Driver/Inc/Legacy -I../Drivers/CMSIS/Device/ST/STM32H7xx/Include -I../Drivers/CMSIS/Include -O0 -ffunction-sections -fdata-sections -Wall -fstack-usage -MMD -MP -MF"Drivers/STM32H7xx_HAL_Driver/Src/stm32h7xx_hal_cortex.d" -MT"Drivers/STM32H7xx_HAL_Driver/Src/stm32h7xx_hal_cortex.o" --specs=nano.specs -mfpu=fpv5-d16 -mfloat-abi=hard -mthumb -o "Drivers/STM32H7xx_HAL_Driver/Src/stm32h7xx_hal_cortex.o"
arm-none-eabi-gcc "../Drivers/STM32H7xx_HAL_Driver/Src/stm32h7xx_hal_dma.c" -mcpu=cortex-m7 -std=gnu11 -g3 -DUSE_HAL_DRIVER -DSTM32H743xx -DDEBUG -c -I../Core/Inc -I../Drivers/STM32H7xx_HAL_Driver/Inc -I../Drivers/STM32H7xx_HAL_Driver/Inc/Legacy -I../Drivers/CMSIS/Device/ST/STM32H7xx/Include -I../Drivers/CMSIS/Include -O0 -ffunction-sections -fdata-sections -Wall -fstack-usage -MMD -MP -MF"Drivers/STM32H7xx_HAL_Driver/Src/stm32h7xx_hal_dma.d" -MT"Drivers/STM32H7xx_HAL_Driver/Src/stm32h7xx_hal_dma.o" --specs=nano.specs -mfpu=fpv5-d16 -mfloat-abi=hard -mthumb -o "Drivers/STM32H7xx_HAL_Driver/Src/stm32h7xx_hal_dma.o"
arm-none-eabi-gcc "../Drivers/STM32H7xx_HAL_Driver/Src/stm32h7xx_hal_dma_ex.c" -mcpu=cortex-m7 -std=gnu11 -g3 -DUSE_HAL_DRIVER -DSTM32H743xx -DDEBUG -c -I../Core/Inc -I../Drivers/STM32H7xx_HAL_Driver/Inc -I../Drivers/STM32H7xx_HAL_Driver/Inc/Legacy -I../Drivers/CMSIS/Device/ST/STM32H7xx/Include -I../Drivers/CMSIS/Include -O0 -ffunction-sections -fdata-sections -Wall -fstack-usage -MMD -MP -MF"Drivers/STM32H7xx_HAL_Driver/Src/stm32h7xx_hal_dma_ex.d" -MT"Drivers/STM32H7xx_HAL_Driver/Src/stm32h7xx_hal_dma_ex.o" --specs=nano.specs -mfpu=fpv5-d16 -mfloat-abi=hard -mthumb -o "Drivers/STM32H7xx_HAL_Driver/Src/stm32h7xx_hal_dma_ex.o"
arm-none-eabi-gcc "../Drivers/STM32H7xx_HAL_Driver/Src/stm32h7xx_hal_eth.c" -mcpu=cortex-m7 -std=gnu11 -g3 -DUSE_HAL_DRIVER -DSTM32H743xx -DDEBUG -c -I../Core/Inc -I../Drivers/STM32H7xx_HAL_Driver/Inc -I../Drivers/STM32H7xx_HAL_Driver/Inc/Legacy -I../Drivers/CMSIS/Device/ST/STM32H7xx/Include -I../Drivers/CMSIS/Include -O0 -ffunction-sections -fdata-sections -Wall -fstack-usage -MMD -MP -MF"Drivers/STM32H7xx_HAL_Driver/Src/stm32h7xx_hal_eth.d" -MT"Drivers/STM32H7xx_HAL_Driver/Src/stm32h7xx_hal_eth.o" --specs=nano.specs -mfpu=fpv5-d16 -mfloat-abi=hard -mthumb -o "Drivers/STM32H7xx_HAL_Driver/Src/stm32h7xx_hal_eth.o"
arm-none-eabi-gcc "../Drivers/STM32H7xx_HAL_Driver/Src/stm32h7xx_hal_eth_ex.c" -mcpu=cortex-m7 -std=gnu11 -g3 -DUSE_HAL_DRIVER -DSTM32H743xx -DDEBUG -c -I../Core/Inc -I../Drivers/STM32H7xx_HAL_Driver/Inc -I../Drivers/STM32H7xx_HAL_Driver/Inc/Legacy -I../Drivers/CMSIS/Device/ST/STM32H7xx/Include -I../Drivers/CMSIS/Include -O0 -ffunction-sections -fdata-sections -Wall -fstack-usage -MMD -MP -MF"Drivers/STM32H7xx_HAL_Driver/Src/stm32h7xx_hal_eth_ex.d" -MT"Drivers/STM32H7xx_HAL_Driver/Src/stm32h7xx_hal_eth_ex.o" --specs=nano.specs -mfpu=fpv5-d16 -mfloat-abi=hard -mthumb -o "Drivers/STM32H7xx_HAL_Driver/Src/stm32h7xx_hal_eth_ex.o"
arm-none-eabi-gcc "../Drivers/STM32H7xx_HAL_Driver/Src/stm32h7xx_hal_exti.c" -mcpu=cortex-m7 -std=gnu11 -g3 -DUSE_HAL_DRIVER -DSTM32H743xx -DDEBUG -c -I../Core/Inc -I../Drivers/STM32H7xx_HAL_Driver/Inc -I../Drivers/STM32H7xx_HAL_Driver/Inc/Legacy -I../Drivers/CMSIS/Device/ST/STM32H7xx/Include -I../Drivers/CMSIS/Include -O0 -ffunction-sections -fdata-sections -Wall -fstack-usage -MMD -MP -MF"Drivers/STM32H7xx_HAL_Driver/Src/stm32h7xx_hal_exti.d" -MT"Drivers/STM32H7xx_HAL_Driver/Src/stm32h7xx_hal_exti.o" --specs=nano.specs -mfpu=fpv5-d16 -mfloat-abi=hard -mthumb -o "Drivers/STM32H7xx_HAL_Driver/Src/stm32h7xx_hal_exti.o"
arm-none-eabi-gcc "../Drivers/STM32H7xx_HAL_Driver/Src/stm32h7xx_hal_flash.c" -mcpu=cortex-m7 -std=gnu11 -g3 -DUSE_HAL_DRIVER -DSTM32H743xx -DDEBUG -c -I../Core/Inc -I../Drivers/STM32H7xx_HAL_Driver/Inc -I../Drivers/STM32H7xx_HAL_Driver/Inc/Legacy -I../Drivers/CMSIS/Device/ST/STM32H7xx/Include -I../Drivers/CMSIS/Include -O0 -ffunction-sections -fdata-sections -Wall -fstack-usage -MMD -MP -MF"Drivers/STM32H7xx_HAL_Driver/Src/stm32h7xx_hal_flash.d" -MT"Drivers/STM32H7xx_HAL_Driver/Src/stm32h7xx_hal_flash.o" --specs=nano.specs -mfpu=fpv5-d16 -mfloat-abi=hard -mthumb -o "Drivers/STM32H7xx_HAL_Driver/Src/stm32h7xx_hal_flash.o"
arm-none-eabi-gcc "../Drivers/STM32H7xx_HAL_Driver/Src/stm32h7xx_hal_flash_ex.c" -mcpu=cortex-m7 -std=gnu11 -g3 -DUSE_HAL_DRIVER -DSTM32H743xx -DDEBUG -c -I../Core/Inc -I../Drivers/STM32H7xx_HAL_Driver/Inc -I../Drivers/STM32H7xx_HAL_Driver/Inc/Legacy -I../Drivers/CMSIS/Device/ST/STM32H7xx/Include -I../Drivers/CMSIS/Include -O0 -ffunction-sections -fdata-sections -Wall -fstack-usage -MMD -MP -MF"Drivers/STM32H7xx_HAL_Driver/Src/stm32h7xx_hal_flash_ex.d" -MT"Drivers/STM32H7xx_HAL_Driver/Src/stm32h7xx_hal_flash_ex.o" --specs=nano.specs -mfpu=fpv5-d16 -mfloat-abi=hard -mthumb -o "Drivers/STM32H7xx_HAL_Driver/Src/stm32h7xx_hal_flash_ex.o"
arm-none-eabi-gcc "../Drivers/STM32H7xx_HAL_Driver/Src/stm32h7xx_hal_gpio.c" -mcpu=cortex-m7 -std=gnu11 -g3 -DUSE_HAL_DRIVER -DSTM32H743xx -DDEBUG -c -I../Core/Inc -I../Drivers/STM32H7xx_HAL_Driver/Inc -I../Drivers/STM32H7xx_HAL_Driver/Inc/Legacy -I../Drivers/CMSIS/Device/ST/STM32H7xx/Include -I../Drivers/CMSIS/Include -O0 -ffunction-sections -fdata-sections -Wall -fstack-usage -MMD -MP -MF"Drivers/STM32H7xx_HAL_Driver/Src/stm32h7xx_hal_gpio.d" -MT"Drivers/STM32H7xx_HAL_Driver/Src/stm32h7xx_hal_gpio.o" --specs=nano.specs -mfpu=fpv5-d16 -mfloat-abi=hard -mthumb -o "Drivers/STM32H7xx_HAL_Driver/Src/stm32h7xx_hal_gpio.o"
arm-none-eabi-gcc "../Drivers/STM32H7xx_HAL_Driver/Src/stm32h7xx_hal_hsem.c" -mcpu=cortex-m7 -std=gnu11 -g3 -DUSE_HAL_DRIVER -DSTM32H743xx -DDEBUG -c -I../Core/Inc -I../Drivers/STM32H7xx_HAL_Driver/Inc -I../Drivers/STM32H7xx_HAL_Driver/Inc/Legacy -I../Drivers/CMSIS/Device/ST/STM32H7xx/Include -I../Drivers/CMSIS/Include -O0 -ffunction-sections -fdata-sections -Wall -fstack-usage -MMD -MP -MF"Drivers/STM32H7xx_HAL_Driver/Src/stm32h7xx_hal_hsem.d" -MT"Drivers/STM32H7xx_HAL_Driver/Src/stm32h7xx_hal_hsem.o" --specs=nano.specs -mfpu=fpv5-d16 -mfloat-abi=hard -mthumb -o "Drivers/STM32H7xx_HAL_Driver/Src/stm32h7xx_hal_hsem.o"
arm-none-eabi-gcc "../Drivers/STM32H7xx_HAL_Driver/Src/stm32h7xx_hal_i2c.c" -mcpu=cortex-m7 -std=gnu11 -g3 -DUSE_HAL_DRIVER -DSTM32H743xx -DDEBUG -c -I../Core/Inc -I../Drivers/STM32H7xx_HAL_Driver/Inc -I../Drivers/STM32H7xx_HAL_Driver/Inc/Legacy -I../Drivers/CMSIS/Device/ST/STM32H7xx/Include -I../Drivers/CMSIS/Include -O0 -ffunction-sections -fdata-sections -Wall -fstack-usage -MMD -MP -MF"Drivers/STM32H7xx_HAL_Driver/Src/stm32h7xx_hal_i2c.d" -MT"Drivers/STM32H7xx_HAL_Driver/Src/stm32h7xx_hal_i2c.o" --specs=nano.specs -mfpu=fpv5-d16 -mfloat-abi=hard -mthumb -o "Drivers/STM32H7xx_HAL_Driver/Src/stm32h7xx_hal_i2c.o"
arm-none-eabi-gcc "../Drivers/STM32H7xx_HAL_Driver/Src/stm32h7xx_hal_i2c_ex.c" -mcpu=cortex-m7 -std=gnu11 -g3 -DUSE_HAL_DRIVER -DSTM32H743xx -DDEBUG -c -I../Core/Inc -I../Drivers/STM32H7xx_HAL_Driver/Inc -I../Drivers/STM32H7xx_HAL_Driver/Inc/Legacy -I../Drivers/CMSIS/Device/ST/STM32H7xx/Include -I../Drivers/CMSIS/Include -O0 -ffunction-sections -fdata-sections -Wall -fstack-usage -MMD -MP -MF"Drivers/STM32H7xx_HAL_Driver/Src/stm32h7xx_hal_i2c_ex.d" -MT"Drivers/STM32H7xx_HAL_Driver/Src/stm32h7xx_hal_i2c_ex.o" --specs=nano.specs -mfpu=fpv5-d16 -mfloat-abi=hard -mthumb -o "Drivers/STM32H7xx_HAL_Driver/Src/stm32h7xx_hal_i2c_ex.o"
arm-none-eabi-gcc "../Drivers/STM32H7xx_HAL_Driver/Src/stm32h7xx_hal_mdma.c" -mcpu=cortex-m7 -std=gnu11 -g3 -DUSE_HAL_DRIVER -DSTM32H743xx -DDEBUG -c -I../Core/Inc -I../Drivers/STM32H7xx_HAL_Driver/Inc -I../Drivers/STM32H7xx_HAL_Driver/Inc/Legacy -I../Drivers/CMSIS/Device/ST/STM32H7xx/Include -I../Drivers/CMSIS/Include -O0 -ffunction-sections -fdata-sections -Wall -fstack-usage -MMD -MP -MF"Drivers/STM32H7xx_HAL_Driver/Src/stm32h7xx_hal_mdma.d" -MT"Drivers/STM32H7xx_HAL_Driver/Src/stm32h7xx_hal_mdma.o" --specs=nano.specs -mfpu=fpv5-d16 -mfloat-abi=hard -mthumb -o "Drivers/STM32H7xx_HAL_Driver/Src/stm32h7xx_hal_mdma.o"
arm-none-eabi-gcc "../Drivers/STM32H7xx_HAL_Driver/Src/stm32h7xx_hal_pcd.c" -mcpu=cortex-m7 -std=gnu11 -g3 -DUSE_HAL_DRIVER -DSTM32H743xx -DDEBUG -c -I../Core/Inc -I../Drivers/STM32H7xx_HAL_Driver/Inc -I../Drivers/STM32H7xx_HAL_Driver/Inc/Legacy -I../Drivers/CMSIS/Device/ST/STM32H7xx/Include -I../Drivers/CMSIS/Include -O0 -ffunction-sections -fdata-sections -Wall -fstack-usage -MMD -MP -MF"Drivers/STM32H7xx_HAL_Driver/Src/stm32h7xx_hal_pcd.d" -MT"Drivers/STM32H7xx_HAL_Driver/Src/stm32h7xx_hal_pcd.o" --specs=nano.specs -mfpu=fpv5-d16 -mfloat-abi=hard -mthumb -o "Drivers/STM32H7xx_HAL_Driver/Src/stm32h7xx_hal_pcd.o"
arm-none-eabi-gcc "../Drivers/STM32H7xx_HAL_Driver/Src/stm32h7xx_hal_pcd_ex.c" -mcpu=cortex-m7 -std=gnu11 -g3 -DUSE_HAL_DRIVER -DSTM32H743xx -DDEBUG -c -I../Core/Inc -I../Drivers/STM32H7xx_HAL_Driver/Inc -I../Drivers/STM32H7xx_HAL_Driver/Inc/Legacy -I../Drivers/CMSIS/Device/ST/STM32H7xx/Include -I../Drivers/CMSIS/Include -O0 -ffunction-sections -fdata-sections -Wall -fstack-usage -MMD -MP -MF"Drivers/STM32H7xx_HAL_Driver/Src/stm32h7xx_hal_pcd_ex.d" -MT"Drivers/STM32H7xx_HAL_Driver/Src/stm32h7xx_hal_pcd_ex.o" --specs=nano.specs -mfpu=fpv5-d16 -mfloat-abi=hard -mthumb -o "Drivers/STM32H7xx_HAL_Driver/Src/stm32h7xx_hal_pcd_ex.o"
arm-none-eabi-gcc "../Drivers/STM32H7xx_HAL_Driver/Src/stm32h7xx_hal_pwr.c" -mcpu=cortex-m7 -std=gnu11 -g3 -DUSE_HAL_DRIVER -DSTM32H743xx -DDEBUG -c -I../Core/Inc -I../Drivers/STM32H7xx_HAL_Driver/Inc -I../Drivers/STM32H7xx_HAL_Driver/Inc/Legacy -I../Drivers/CMSIS/Device/ST/STM32H7xx/Include -I../Drivers/CMSIS/Include -O0 -ffunction-sections -fdata-sections -Wall -fstack-usage -MMD -MP -MF"Drivers/STM32H7xx_HAL_Driver/Src/stm32h7xx_hal_pwr.d" -MT"Drivers/STM32H7xx_HAL_Driver/Src/stm32h7xx_hal_pwr.o" --specs=nano.specs -mfpu=fpv5-d16 -mfloat-abi=hard -mthumb -o "Drivers/STM32H7xx_HAL_Driver/Src/stm32h7xx_hal_pwr.o"
arm-none-eabi-gcc "../Drivers/STM32H7xx_HAL_Driver/Src/stm32h7xx_hal_pwr_ex.c" -mcpu=cortex-m7 -std=gnu11 -g3 -DUSE_HAL_DRIVER -DSTM32H743xx -DDEBUG -c -I../Core/Inc -I../Drivers/STM32H7xx_HAL_Driver/Inc -I../Drivers/STM32H7xx_HAL_Driver/Inc/Legacy -I../Drivers/CMSIS/Device/ST/STM32H7xx/Include -I../Drivers/CMSIS/Include -O0 -ffunction-sections -fdata-sections -Wall -fstack-usage -MMD -MP -MF"Drivers/STM32H7xx_HAL_Driver/Src/stm32h7xx_hal_pwr_ex.d" -MT"Drivers/STM32H7xx_HAL_Driver/Src/stm32h7xx_hal_pwr_ex.o" --specs=nano.specs -mfpu=fpv5-d16 -mfloat-abi=hard -mthumb -o "Drivers/STM32H7xx_HAL_Driver/Src/stm32h7xx_hal_pwr_ex.o"
arm-none-eabi-gcc "../Drivers/STM32H7xx_HAL_Driver/Src/stm32h7xx_hal_rcc.c" -mcpu=cortex-m7 -std=gnu11 -g3 -DUSE_HAL_DRIVER -DSTM32H743xx -DDEBUG -c -I../Core/Inc -I../Drivers/STM32H7xx_HAL_Driver/Inc -I../Drivers/STM32H7xx_HAL_Driver/Inc/Legacy -I../Drivers/CMSIS/Device/ST/STM32H7xx/Include -I../Drivers/CMSIS/Include -O0 -ffunction-sections -fdata-sections -Wall -fstack-usage -MMD -MP -MF"Drivers/STM32H7xx_HAL_Driver/Src/stm32h7xx_hal_rcc.d" -MT"Drivers/STM32H7xx_HAL_Driver/Src/stm32h7xx_hal_rcc.o" --specs=nano.specs -mfpu=fpv5-d16 -mfloat-abi=hard -mthumb -o "Drivers/STM32H7xx_HAL_Driver/Src/stm32h7xx_hal_rcc.o"
arm-none-eabi-gcc "../Drivers/STM32H7xx_HAL_Driver/Src/stm32h7xx_hal_rcc_ex.c" -mcpu=cortex-m7 -std=gnu11 -g3 -DUSE_HAL_DRIVER -DSTM32H743xx -DDEBUG -c -I../Core/Inc -I../Drivers/STM32H7xx_HAL_Driver/Inc -I../Drivers/STM32H7xx_HAL_Driver/Inc/Legacy -I../Drivers/CMSIS/Device/ST/STM32H7xx/Include -I../Drivers/CMSIS/Include -O0 -ffunction-sections -fdata-sections -Wall -fstack-usage -MMD -MP -MF"Drivers/STM32H7xx_HAL_Driver/Src/stm32h7xx_hal_rcc_ex.d" -MT"Drivers/STM32H7xx_HAL_Driver/Src/stm32h7xx_hal_rcc_ex.o" --specs=nano.specs -mfpu=fpv5-d16 -mfloat-abi=hard -mthumb -o "Drivers/STM32H7xx_HAL_Driver/Src/stm32h7xx_hal_rcc_ex.o"
arm-none-eabi-gcc "../Drivers/STM32H7xx_HAL_Driver/Src/stm32h7xx_hal_tim.c" -mcpu=cortex-m7 -std=gnu11 -g3 -DUSE_HAL_DRIVER -DSTM32H743xx -DDEBUG -c -I../Core/Inc -I../Drivers/STM32H7xx_HAL_Driver/Inc -I../Drivers/STM32H7xx_HAL_Driver/Inc/Legacy -I../Drivers/CMSIS/Device/ST/STM32H7xx/Include -I../Drivers/CMSIS/Include -O0 -ffunction-sections -fdata-sections -Wall -fstack-usage -MMD -MP -MF"Drivers/STM32H7xx_HAL_Driver/Src/stm32h7xx_hal_tim.d" -MT"Drivers/STM32H7xx_HAL_Driver/Src/stm32h7xx_hal_tim.o" --specs=nano.specs -mfpu=fpv5-d16 -mfloat-abi=hard -mthumb -o "Drivers/STM32H7xx_HAL_Driver/Src/stm32h7xx_hal_tim.o"
arm-none-eabi-gcc "../Drivers/STM32H7xx_HAL_Driver/Src/stm32h7xx_hal_tim_ex.c" -mcpu=cortex-m7 -std=gnu11 -g3 -DUSE_HAL_DRIVER -DSTM32H743xx -DDEBUG -c -I../Core/Inc -I../Drivers/STM32H7xx_HAL_Driver/Inc -I../Drivers/STM32H7xx_HAL_Driver/Inc/Legacy -I../Drivers/CMSIS/Device/ST/STM32H7xx/Include -I../Drivers/CMSIS/Include -O0 -ffunction-sections -fdata-sections -Wall -fstack-usage -MMD -MP -MF"Drivers/STM32H7xx_HAL_Driver/Src/stm32h7xx_hal_tim_ex.d" -MT"Drivers/STM32H7xx_HAL_Driver/Src/stm32h7xx_hal_tim_ex.o" --specs=nano.specs -mfpu=fpv5-d16 -mfloat-abi=hard -mthumb -o "Drivers/STM32H7xx_HAL_Driver/Src/stm32h7xx_hal_tim_ex.o"
arm-none-eabi-gcc "../Drivers/STM32H7xx_HAL_Driver/Src/stm32h7xx_hal_uart.c" -mcpu=cortex-m7 -std=gnu11 -g3 -DUSE_HAL_DRIVER -DSTM32H743xx -DDEBUG -c -I../Core/Inc -I../Drivers/STM32H7xx_HAL_Driver/Inc -I../Drivers/STM32H7xx_HAL_Driver/Inc/Legacy -I../Drivers/CMSIS/Device/ST/STM32H7xx/Include -I../Drivers/CMSIS/Include -O0 -ffunction-sections -fdata-sections -Wall -fstack-usage -MMD -MP -MF"Drivers/STM32H7xx_HAL_Driver/Src/stm32h7xx_hal_uart.d" -MT"Drivers/STM32H7xx_HAL_Driver/Src/stm32h7xx_hal_uart.o" --specs=nano.specs -mfpu=fpv5-d16 -mfloat-abi=hard -mthumb -o "Drivers/STM32H7xx_HAL_Driver/Src/stm32h7xx_hal_uart.o"
arm-none-eabi-gcc "../Drivers/STM32H7xx_HAL_Driver/Src/stm32h7xx_hal_uart_ex.c" -mcpu=cortex-m7 -std=gnu11 -g3 -DUSE_HAL_DRIVER -DSTM32H743xx -DDEBUG -c -I../Core/Inc -I../Drivers/STM32H7xx_HAL_Driver/Inc -I../Drivers/STM32H7xx_HAL_Driver/Inc/Legacy -I../Drivers/CMSIS/Device/ST/STM32H7xx/Include -I../Drivers/CMSIS/Include -O0 -ffunction-sections -fdata-sections -Wall -fstack-usage -MMD -MP -MF"Drivers/STM32H7xx_HAL_Driver/Src/stm32h7xx_hal_uart_ex.d" -MT"Drivers/STM32H7xx_HAL_Driver/Src/stm32h7xx_hal_uart_ex.o" --specs=nano.specs -mfpu=fpv5-d16 -mfloat-abi=hard -mthumb -o "Drivers/STM32H7xx_HAL_Driver/Src/stm32h7xx_hal_uart_ex.o"
arm-none-eabi-gcc "../Drivers/STM32H7xx_HAL_Driver/Src/stm32h7xx_ll_usb.c" -mcpu=cortex-m7 -std=gnu11 -g3 -DUSE_HAL_DRIVER -DSTM32H743xx -DDEBUG -c -I../Core/Inc -I../Drivers/STM32H7xx_HAL_Driver/Inc -I../Drivers/STM32H7xx_HAL_Driver/Inc/Legacy -I../Drivers/CMSIS/Device/ST/STM32H7xx/Include -I../Drivers/CMSIS/Include -O0 -ffunction-sections -fdata-sections -Wall -fstack-usage -MMD -MP -MF"Drivers/STM32H7xx_HAL_Driver/Src/stm32h7xx_ll_usb.d" -MT"Drivers/STM32H7xx_HAL_Driver/Src/stm32h7xx_ll_usb.o" --specs=nano.specs -mfpu=fpv5-d16 -mfloat-abi=hard -mthumb -o "Drivers/STM32H7xx_HAL_Driver/Src/stm32h7xx_ll_usb.o"
arm-none-eabi-gcc "../Core/Src/main.c" -mcpu=cortex-m7 -std=gnu11 -g3 -DUSE_HAL_DRIVER -DSTM32H743xx -DDEBUG -c -I../Core/Inc -I../Drivers/STM32H7xx_HAL_Driver/Inc -I../Drivers/STM32H7xx_HAL_Driver/Inc/Legacy -I../Drivers/CMSIS/Device/ST/STM32H7xx/Include -I../Drivers/CMSIS/Include -O0 -ffunction-sections -fdata-sections -Wall -fstack-usage -MMD -MP -MF"Core/Src/main.d" -MT"Core/Src/main.o" --specs=nano.specs -mfpu=fpv5-d16 -mfloat-abi=hard -mthumb -o "Core/Src/main.o"
arm-none-eabi-gcc "../Core/Src/stm32h7xx_hal_msp.c" -mcpu=cortex-m7 -std=gnu11 -g3 -DUSE_HAL_DRIVER -DSTM32H743xx -DDEBUG -c -I../Core/Inc -I../Drivers/STM32H7xx_HAL_Driver/Inc -I../Drivers/STM32H7xx_HAL_Driver/Inc/Legacy -I../Drivers/CMSIS/Device/ST/STM32H7xx/Include -I../Drivers/CMSIS/Include -O0 -ffunction-sections -fdata-sections -Wall -fstack-usage -MMD -MP -MF"Core/Src/stm32h7xx_hal_msp.d" -MT"Core/Src/stm32h7xx_hal_msp.o" --specs=nano.specs -mfpu=fpv5-d16 -mfloat-abi=hard -mthumb -o "Core/Src/stm32h7xx_hal_msp.o"
arm-none-eabi-gcc "../Core/Src/stm32h7xx_it.c" -mcpu=cortex-m7 -std=gnu11 -g3 -DUSE_HAL_DRIVER -DSTM32H743xx -DDEBUG -c -I../Core/Inc -I../Drivers/STM32H7xx_HAL_Driver/Inc -I../Drivers/STM32H7xx_HAL_Driver/Inc/Legacy -I../Drivers/CMSIS/Device/ST/STM32H7xx/Include -I../Drivers/CMSIS/Include -O0 -ffunction-sections -fdata-sections -Wall -fstack-usage -MMD -MP -MF"Core/Src/stm32h7xx_it.d" -MT"Core/Src/stm32h7xx_it.o" --specs=nano.specs -mfpu=fpv5-d16 -mfloat-abi=hard -mthumb -o "Core/Src/stm32h7xx_it.o"
arm-none-eabi-gcc "../Core/Src/system_stm32h7xx.c" -mcpu=cortex-m7 -std=gnu11 -g3 -DUSE_HAL_DRIVER -DSTM32H743xx -DDEBUG -c -I../Core/Inc -I../Drivers/STM32H7xx_HAL_Driver/Inc -I../Drivers/STM32H7xx_HAL_Driver/Inc/Legacy -I../Drivers/CMSIS/Device/ST/STM32H7xx/Include -I../Drivers/CMSIS/Include -O0 -ffunction-sections -fdata-sections -Wall -fstack-usage -MMD -MP -MF"Core/Src/system_stm32h7xx.d" -MT"Core/Src/system_stm32h7xx.o" --specs=nano.specs -mfpu=fpv5-d16 -mfloat-abi=hard -mthumb -o "Core/Src/system_stm32h7xx.o"
In file included from ../Core/Inc/stm32h7xx_hal_conf.h:249:0,
                 from ../Drivers/STM32H7xx_HAL_Driver/Inc/stm32h7xx_hal.h:30,
                 from ../Core/Inc/main.h:31,
                 from ../Core/Src/main.c:21:
../Core/Src/main.c: In function 'main':
../Drivers/STM32H7xx_HAL_Driver/Inc/stm32h7xx_hal_gpio.h:94:36: warning: passing argument 1 of 'HAL_GPIO_ReadPin' makes pointer from integer without a cast [-Wint-conversion]
 #define GPIO_PIN_8                 ((uint16_t)0x0100)  /* Pin 8 selected    */
                                    ^
../Core/Inc/main.h:107:21: note: in expansion of macro 'GPIO_PIN_8'
 #define button1_Pin GPIO_PIN_8
                     ^~~~~~~~~~
../Core/Src/main.c:141:26: note: in expansion of macro 'button1_Pin'
     if(HAL_GPIO_ReadPin (button1_Pin, button1_GPIO_Port)) HAL_GPIO_WritePin(LD3_GPIO_Port, LD3_Pin,1);
                          ^~~~~~~~~~~
In file included from ../Core/Inc/stm32h7xx_hal_conf.h:249:0,
                 from ../Drivers/STM32H7xx_HAL_Driver/Inc/stm32h7xx_hal.h:30,
                 from ../Core/Inc/main.h:31,
                 from ../Core/Src/main.c:21:
../Drivers/STM32H7xx_HAL_Driver/Inc/stm32h7xx_hal_gpio.h:269:15: note: expected 'GPIO_TypeDef * {aka struct <anonymous> *}' but argument is of type 'short unsigned int'
 GPIO_PinState HAL_GPIO_ReadPin(GPIO_TypeDef *GPIOx, uint16_t GPIO_Pin);
               ^~~~~~~~~~~~~~~~
In file included from ../Drivers/CMSIS/Device/ST/STM32H7xx/Include/stm32h7xx.h:124:0,
                 from ../Drivers/STM32H7xx_HAL_Driver/Inc/stm32h7xx_hal_def.h:30,
                 from ../Drivers/STM32H7xx_HAL_Driver/Inc/stm32h7xx_hal_rcc.h:29,
                 from ../Core/Inc/stm32h7xx_hal_conf.h:245,
                 from ../Drivers/STM32H7xx_HAL_Driver/Inc/stm32h7xx_hal.h:30,
                 from ../Core/Inc/main.h:31,
                 from ../Core/Src/main.c:21:
../Drivers/CMSIS/Device/ST/STM32H7xx/Include/stm32h743xx.h:2433:29: warning: passing argument 2 of 'HAL_GPIO_ReadPin' makes integer from pointer without a cast [-Wint-conversion]
 #define GPIOB               ((GPIO_TypeDef *) GPIOB_BASE)
                             ^
../Core/Inc/main.h:108:27: note: in expansion of macro 'GPIOB'
 #define button1_GPIO_Port GPIOB
                           ^~~~~
../Core/Src/main.c:141:39: note: in expansion of macro 'button1_GPIO_Port'
     if(HAL_GPIO_ReadPin (button1_Pin, button1_GPIO_Port)) HAL_GPIO_WritePin(LD3_GPIO_Port, LD3_Pin,1);
                                       ^~~~~~~~~~~~~~~~~
In file included from ../Core/Inc/stm32h7xx_hal_conf.h:249:0,
                 from ../Drivers/STM32H7xx_HAL_Driver/Inc/stm32h7xx_hal.h:30,
                 from ../Core/Inc/main.h:31,
                 from ../Core/Src/main.c:21:
../Drivers/STM32H7xx_HAL_Driver/Inc/stm32h7xx_hal_gpio.h:269:15: note: expected 'uint16_t {aka short unsigned int}' but argument is of type 'GPIO_TypeDef * {aka struct <anonymous> *}'
 GPIO_PinState HAL_GPIO_ReadPin(GPIO_TypeDef *GPIOx, uint16_t GPIO_Pin);
               ^~~~~~~~~~~~~~~~
arm-none-eabi-gcc -o "lab2.elf" @"objects.list"   -mcpu=cortex-m7 -T"D:\HWs\STM32\lab2\STM32H743ZITX_FLASH.ld" --specs=nosys.specs -Wl,-Map="lab2.map" -Wl,--gc-sections -static --specs=nano.specs -mfpu=fpv5-d16 -mfloat-abi=hard -mthumb -Wl,--start-group -lc -lm -Wl,--end-group
Finished building target: lab2.elf
 
arm-none-eabi-objdump -h -S  lab2.elf  > "lab2.list"
arm-none-eabi-objcopy  -O binary  lab2.elf  "lab2.bin"
arm-none-eabi-size   lab2.elf 
   text	   data	    bss	    dec	    hex	filename
  24272	    216	   2904	  27392	   6b00	lab2.elf
Finished building: default.size.stdout
 
Finished building: lab2.bin
 
Finished building: lab2.list
 
17:03:33 **** Incremental Build of configuration Debug for project lab2 ****
make -j8 all 
arm-none-eabi-size   lab2.elf 
   text	   data	    bss	    dec	    hex	filename
  24272	    216	   2904	  27392	   6b00	lab2.elf
Finished building: default.size.stdout
 
17:04:48 **** Incremental Build of configuration Debug for project lab2 ****
make -j8 all 
arm-none-eabi-gcc "../Core/Src/main.c" -mcpu=cortex-m7 -std=gnu11 -g3 -DUSE_HAL_DRIVER -DSTM32H743xx -DDEBUG -c -I../Core/Inc -I../Drivers/STM32H7xx_HAL_Driver/Inc -I../Drivers/STM32H7xx_HAL_Driver/Inc/Legacy -I../Drivers/CMSIS/Device/ST/STM32H7xx/Include -I../Drivers/CMSIS/Include -O0 -ffunction-sections -fdata-sections -Wall -fstack-usage -MMD -MP -MF"Core/Src/main.d" -MT"Core/Src/main.o" --specs=nano.specs -mfpu=fpv5-d16 -mfloat-abi=hard -mthumb -o "Core/Src/main.o"
In file included from ../Core/Inc/stm32h7xx_hal_conf.h:249:0,
                 from ../Drivers/STM32H7xx_HAL_Driver/Inc/stm32h7xx_hal.h:30,
                 from ../Core/Inc/main.h:31,
                 from ../Core/Src/main.c:21:
../Core/Src/main.c: In function 'main':
../Drivers/STM32H7xx_HAL_Driver/Inc/stm32h7xx_hal_gpio.h:94:36: warning: passing argument 1 of 'HAL_GPIO_ReadPin' makes pointer from integer without a cast [-Wint-conversion]
 #define GPIO_PIN_8                 ((uint16_t)0x0100)  /* Pin 8 selected    */
                                    ^
../Core/Inc/main.h:107:21: note: in expansion of macro 'GPIO_PIN_8'
 #define button1_Pin GPIO_PIN_8
                     ^~~~~~~~~~
../Core/Src/main.c:141:26: note: in expansion of macro 'button1_Pin'
     if(HAL_GPIO_ReadPin (button1_Pin, button1_GPIO_Port)) HAL_GPIO_WritePin(LD3_GPIO_Port, LD3_Pin,0);
                          ^~~~~~~~~~~
In file included from ../Core/Inc/stm32h7xx_hal_conf.h:249:0,
                 from ../Drivers/STM32H7xx_HAL_Driver/Inc/stm32h7xx_hal.h:30,
                 from ../Core/Inc/main.h:31,
                 from ../Core/Src/main.c:21:
../Drivers/STM32H7xx_HAL_Driver/Inc/stm32h7xx_hal_gpio.h:269:15: note: expected 'GPIO_TypeDef * {aka struct <anonymous> *}' but argument is of type 'short unsigned int'
 GPIO_PinState HAL_GPIO_ReadPin(GPIO_TypeDef *GPIOx, uint16_t GPIO_Pin);
               ^~~~~~~~~~~~~~~~
In file included from ../Drivers/CMSIS/Device/ST/STM32H7xx/Include/stm32h7xx.h:124:0,
                 from ../Drivers/STM32H7xx_HAL_Driver/Inc/stm32h7xx_hal_def.h:30,
                 from ../Drivers/STM32H7xx_HAL_Driver/Inc/stm32h7xx_hal_rcc.h:29,
                 from ../Core/Inc/stm32h7xx_hal_conf.h:245,
                 from ../Drivers/STM32H7xx_HAL_Driver/Inc/stm32h7xx_hal.h:30,
                 from ../Core/Inc/main.h:31,
                 from ../Core/Src/main.c:21:
../Drivers/CMSIS/Device/ST/STM32H7xx/Include/stm32h743xx.h:2433:29: warning: passing argument 2 of 'HAL_GPIO_ReadPin' makes integer from pointer without a cast [-Wint-conversion]
 #define GPIOB               ((GPIO_TypeDef *) GPIOB_BASE)
                             ^
../Core/Inc/main.h:108:27: note: in expansion of macro 'GPIOB'
 #define button1_GPIO_Port GPIOB
                           ^~~~~
../Core/Src/main.c:141:39: note: in expansion of macro 'button1_GPIO_Port'
     if(HAL_GPIO_ReadPin (button1_Pin, button1_GPIO_Port)) HAL_GPIO_WritePin(LD3_GPIO_Port, LD3_Pin,0);
                                       ^~~~~~~~~~~~~~~~~
In file included from ../Core/Inc/stm32h7xx_hal_conf.h:249:0,
                 from ../Drivers/STM32H7xx_HAL_Driver/Inc/stm32h7xx_hal.h:30,
                 from ../Core/Inc/main.h:31,
                 from ../Core/Src/main.c:21:
../Drivers/STM32H7xx_HAL_Driver/Inc/stm32h7xx_hal_gpio.h:269:15: note: expected 'uint16_t {aka short unsigned int}' but argument is of type 'GPIO_TypeDef * {aka struct <anonymous> *}'
 GPIO_PinState HAL_GPIO_ReadPin(GPIO_TypeDef *GPIOx, uint16_t GPIO_Pin);
               ^~~~~~~~~~~~~~~~
arm-none-eabi-gcc -o "lab2.elf" @"objects.list"   -mcpu=cortex-m7 -T"D:\HWs\STM32\lab2\STM32H743ZITX_FLASH.ld" --specs=nosys.specs -Wl,-Map="lab2.map" -Wl,--gc-sections -static --specs=nano.specs -mfpu=fpv5-d16 -mfloat-abi=hard -mthumb -Wl,--start-group -lc -lm -Wl,--end-group
Finished building target: lab2.elf
 
arm-none-eabi-objdump -h -S  lab2.elf  > "lab2.list"
arm-none-eabi-objcopy  -O binary  lab2.elf  "lab2.bin"
arm-none-eabi-size   lab2.elf 
   text	   data	    bss	    dec	    hex	filename
  24272	    216	   2904	  27392	   6b00	lab2.elf
Finished building: default.size.stdout
 
Finished building: lab2.bin
 
Finished building: lab2.list
 
17:09:22 **** Incremental Build of configuration Debug for project lab2 ****
make -j8 all 
arm-none-eabi-gcc "../Core/Src/main.c" -mcpu=cortex-m7 -std=gnu11 -g3 -DUSE_HAL_DRIVER -DSTM32H743xx -DDEBUG -c -I../Core/Inc -I../Drivers/STM32H7xx_HAL_Driver/Inc -I../Drivers/STM32H7xx_HAL_Driver/Inc/Legacy -I../Drivers/CMSIS/Device/ST/STM32H7xx/Include -I../Drivers/CMSIS/Include -O0 -ffunction-sections -fdata-sections -Wall -fstack-usage -MMD -MP -MF"Core/Src/main.d" -MT"Core/Src/main.o" --specs=nano.specs -mfpu=fpv5-d16 -mfloat-abi=hard -mthumb -o "Core/Src/main.o"
arm-none-eabi-gcc -o "lab2.elf" @"objects.list"   -mcpu=cortex-m7 -T"D:\HWs\STM32\lab2\STM32H743ZITX_FLASH.ld" --specs=nosys.specs -Wl,-Map="lab2.map" -Wl,--gc-sections -static --specs=nano.specs -mfpu=fpv5-d16 -mfloat-abi=hard -mthumb -Wl,--start-group -lc -lm -Wl,--end-group
Finished building target: lab2.elf
 
arm-none-eabi-objdump -h -S  lab2.elf  > "lab2.list"
arm-none-eabi-objcopy  -O binary  lab2.elf  "lab2.bin"
arm-none-eabi-size   lab2.elf 
   text	   data	    bss	    dec	    hex	filename
  24180	    216	   2904	  27300	   6aa4	lab2.elf
Finished building: default.size.stdout
 
Finished building: lab2.bin
 
Finished building: lab2.list
 
17:12:15 **** Incremental Build of configuration Debug for project lab2 ****
make -j8 all 
arm-none-eabi-gcc "../Core/Src/main.c" -mcpu=cortex-m7 -std=gnu11 -g3 -DUSE_HAL_DRIVER -DSTM32H743xx -DDEBUG -c -I../Core/Inc -I../Drivers/STM32H7xx_HAL_Driver/Inc -I../Drivers/STM32H7xx_HAL_Driver/Inc/Legacy -I../Drivers/CMSIS/Device/ST/STM32H7xx/Include -I../Drivers/CMSIS/Include -O0 -ffunction-sections -fdata-sections -Wall -fstack-usage -MMD -MP -MF"Core/Src/main.d" -MT"Core/Src/main.o" --specs=nano.specs -mfpu=fpv5-d16 -mfloat-abi=hard -mthumb -o "Core/Src/main.o"
In file included from ../Core/Inc/stm32h7xx_hal_conf.h:249:0,
                 from ../Drivers/STM32H7xx_HAL_Driver/Inc/stm32h7xx_hal.h:30,
                 from ../Core/Inc/main.h:31,
                 from ../Core/Src/main.c:21:
../Core/Src/main.c: In function 'main':
../Drivers/STM32H7xx_HAL_Driver/Inc/stm32h7xx_hal_gpio.h:94:36: warning: passing argument 1 of 'HAL_GPIO_ReadPin' makes pointer from integer without a cast [-Wint-conversion]
 #define GPIO_PIN_8                 ((uint16_t)0x0100)  /* Pin 8 selected    */
                                    ^
../Core/Inc/main.h:107:21: note: in expansion of macro 'GPIO_PIN_8'
 #define button1_Pin GPIO_PIN_8
                     ^~~~~~~~~~
../Core/Src/main.c:140:64: note: in expansion of macro 'button1_Pin'
     HAL_GPIO_WritePin(LD3_GPIO_Port, LD3_Pin,HAL_GPIO_ReadPin (button1_Pin, button1_GPIO_Port));
                                                                ^~~~~~~~~~~
In file included from ../Core/Inc/stm32h7xx_hal_conf.h:249:0,
                 from ../Drivers/STM32H7xx_HAL_Driver/Inc/stm32h7xx_hal.h:30,
                 from ../Core/Inc/main.h:31,
                 from ../Core/Src/main.c:21:
../Drivers/STM32H7xx_HAL_Driver/Inc/stm32h7xx_hal_gpio.h:269:15: note: expected 'GPIO_TypeDef * {aka struct <anonymous> *}' but argument is of type 'short unsigned int'
 GPIO_PinState HAL_GPIO_ReadPin(GPIO_TypeDef *GPIOx, uint16_t GPIO_Pin);
               ^~~~~~~~~~~~~~~~
In file included from ../Drivers/CMSIS/Device/ST/STM32H7xx/Include/stm32h7xx.h:124:0,
                 from ../Drivers/STM32H7xx_HAL_Driver/Inc/stm32h7xx_hal_def.h:30,
                 from ../Drivers/STM32H7xx_HAL_Driver/Inc/stm32h7xx_hal_rcc.h:29,
                 from ../Core/Inc/stm32h7xx_hal_conf.h:245,
                 from ../Drivers/STM32H7xx_HAL_Driver/Inc/stm32h7xx_hal.h:30,
                 from ../Core/Inc/main.h:31,
                 from ../Core/Src/main.c:21:
../Drivers/CMSIS/Device/ST/STM32H7xx/Include/stm32h743xx.h:2433:29: warning: passing argument 2 of 'HAL_GPIO_ReadPin' makes integer from pointer without a cast [-Wint-conversion]
 #define GPIOB               ((GPIO_TypeDef *) GPIOB_BASE)
                             ^
../Core/Inc/main.h:108:27: note: in expansion of macro 'GPIOB'
 #define button1_GPIO_Port GPIOB
                           ^~~~~
../Core/Src/main.c:140:77: note: in expansion of macro 'button1_GPIO_Port'
     HAL_GPIO_WritePin(LD3_GPIO_Port, LD3_Pin,HAL_GPIO_ReadPin (button1_Pin, button1_GPIO_Port));
                                                                             ^~~~~~~~~~~~~~~~~
In file included from ../Core/Inc/stm32h7xx_hal_conf.h:249:0,
                 from ../Drivers/STM32H7xx_HAL_Driver/Inc/stm32h7xx_hal.h:30,
                 from ../Core/Inc/main.h:31,
                 from ../Core/Src/main.c:21:
../Drivers/STM32H7xx_HAL_Driver/Inc/stm32h7xx_hal_gpio.h:269:15: note: expected 'uint16_t {aka short unsigned int}' but argument is of type 'GPIO_TypeDef * {aka struct <anonymous> *}'
 GPIO_PinState HAL_GPIO_ReadPin(GPIO_TypeDef *GPIOx, uint16_t GPIO_Pin);
               ^~~~~~~~~~~~~~~~
arm-none-eabi-gcc -o "lab2.elf" @"objects.list"   -mcpu=cortex-m7 -T"D:\HWs\STM32\lab2\STM32H743ZITX_FLASH.ld" --specs=nosys.specs -Wl,-Map="lab2.map" -Wl,--gc-sections -static --specs=nano.specs -mfpu=fpv5-d16 -mfloat-abi=hard -mthumb -Wl,--start-group -lc -lm -Wl,--end-group
Finished building target: lab2.elf
 
arm-none-eabi-objdump -h -S  lab2.elf  > "lab2.list"
arm-none-eabi-objcopy  -O binary  lab2.elf  "lab2.bin"
arm-none-eabi-size   lab2.elf 
   text	   data	    bss	    dec	    hex	filename
  24240	    216	   2904	  27360	   6ae0	lab2.elf
Finished building: default.size.stdout
 
Finished building: lab2.bin
 
Finished building: lab2.list
 
10:00:18 **** Incremental Build of configuration Debug for project lab2 ****
make -j8 all 
arm-none-eabi-gcc "../Core/Src/main.c" -mcpu=cortex-m7 -std=gnu11 -g3 -DUSE_HAL_DRIVER -DSTM32H743xx -DDEBUG -c -I../Core/Inc -I../Drivers/STM32H7xx_HAL_Driver/Inc -I../Drivers/STM32H7xx_HAL_Driver/Inc/Legacy -I../Drivers/CMSIS/Device/ST/STM32H7xx/Include -I../Drivers/CMSIS/Include -O0 -ffunction-sections -fdata-sections -Wall -fstack-usage -MMD -MP -MF"Core/Src/main.d" -MT"Core/Src/main.o" --specs=nano.specs -mfpu=fpv5-d16 -mfloat-abi=hard -mthumb -o "Core/Src/main.o"
../Core/Src/main.c: In function 'main':
../Core/Src/main.c:110:3: error: 'GPIO_InitStruct' undeclared (first use in this function); did you mean 'GPIO_PinState'?
   GPIO_InitStruct.Pin = button1_Pi;
   ^~~~~~~~~~~~~~~
   GPIO_PinState
../Core/Src/main.c:110:3: note: each undeclared identifier is reported only once for each function it appears in
../Core/Src/main.c:110:25: error: 'button1_Pi' undeclared (first use in this function); did you mean 'button1_Pin'?
   GPIO_InitStruct.Pin = button1_Pi;
                         ^~~~~~~~~~
                         button1_Pin
In file included from ../Core/Inc/stm32h7xx_hal_conf.h:249:0,
                 from ../Drivers/STM32H7xx_HAL_Driver/Inc/stm32h7xx_hal.h:30,
                 from ../Core/Inc/main.h:31,
                 from ../Core/Src/main.c:21:
../Drivers/STM32H7xx_HAL_Driver/Inc/stm32h7xx_hal_gpio.h:94:36: warning: passing argument 1 of 'HAL_GPIO_ReadPin' makes pointer from integer without a cast [-Wint-conversion]
 #define GPIO_PIN_8                 ((uint16_t)0x0100)  /* Pin 8 selected    */
                                    ^
../Core/Inc/main.h:107:21: note: in expansion of macro 'GPIO_PIN_8'
 #define button1_Pin GPIO_PIN_8
                     ^~~~~~~~~~
../Core/Src/main.c:152:64: note: in expansion of macro 'button1_Pin'
     HAL_GPIO_WritePin(LD3_GPIO_Port, LD3_Pin,HAL_GPIO_ReadPin (button1_Pin, button1_GPIO_Port));
                                                                ^~~~~~~~~~~
In file included from ../Core/Inc/stm32h7xx_hal_conf.h:249:0,
                 from ../Drivers/STM32H7xx_HAL_Driver/Inc/stm32h7xx_hal.h:30,
                 from ../Core/Inc/main.h:31,
                 from ../Core/Src/main.c:21:
../Drivers/STM32H7xx_HAL_Driver/Inc/stm32h7xx_hal_gpio.h:269:15: note: expected 'GPIO_TypeDef * {aka struct <anonymous> *}' but argument is of type 'short unsigned int'
 GPIO_PinState HAL_GPIO_ReadPin(GPIO_TypeDef *GPIOx, uint16_t GPIO_Pin);
               ^~~~~~~~~~~~~~~~
In file included from ../Drivers/CMSIS/Device/ST/STM32H7xx/Include/stm32h7xx.h:124:0,
                 from ../Drivers/STM32H7xx_HAL_Driver/Inc/stm32h7xx_hal_def.h:30,
                 from ../Drivers/STM32H7xx_HAL_Driver/Inc/stm32h7xx_hal_rcc.h:29,
                 from ../Core/Inc/stm32h7xx_hal_conf.h:245,
                 from ../Drivers/STM32H7xx_HAL_Driver/Inc/stm32h7xx_hal.h:30,
                 from ../Core/Inc/main.h:31,
                 from ../Core/Src/main.c:21:
../Drivers/CMSIS/Device/ST/STM32H7xx/Include/stm32h743xx.h:2433:29: warning: passing argument 2 of 'HAL_GPIO_ReadPin' makes integer from pointer without a cast [-Wint-conversion]
 #define GPIOB               ((GPIO_TypeDef *) GPIOB_BASE)
                             ^
../Core/Inc/main.h:108:27: note: in expansion of macro 'GPIOB'
 #define button1_GPIO_Port GPIOB
                           ^~~~~
../Core/Src/main.c:152:77: note: in expansion of macro 'button1_GPIO_Port'
     HAL_GPIO_WritePin(LD3_GPIO_Port, LD3_Pin,HAL_GPIO_ReadPin (button1_Pin, button1_GPIO_Port));
                                                                             ^~~~~~~~~~~~~~~~~
In file included from ../Core/Inc/stm32h7xx_hal_conf.h:249:0,
                 from ../Drivers/STM32H7xx_HAL_Driver/Inc/stm32h7xx_hal.h:30,
                 from ../Core/Inc/main.h:31,
                 from ../Core/Src/main.c:21:
../Drivers/STM32H7xx_HAL_Driver/Inc/stm32h7xx_hal_gpio.h:269:15: note: expected 'uint16_t {aka short unsigned int}' but argument is of type 'GPIO_TypeDef * {aka struct <anonymous> *}'
 GPIO_PinState HAL_GPIO_ReadPin(GPIO_TypeDef *GPIOx, uint16_t GPIO_Pin);
               ^~~~~~~~~~~~~~~~
make: *** [Core/Src/subdir.mk:33: Core/Src/main.o] Error 1
"make -j8 all" terminated with exit code 2. Build might be incomplete.
10:00:59 **** Incremental Build of configuration Debug for project lab2 ****
make -j8 all 
arm-none-eabi-gcc "../Core/Src/main.c" -mcpu=cortex-m7 -std=gnu11 -g3 -DUSE_HAL_DRIVER -DSTM32H743xx -DDEBUG -c -I../Core/Inc -I../Drivers/STM32H7xx_HAL_Driver/Inc -I../Drivers/STM32H7xx_HAL_Driver/Inc/Legacy -I../Drivers/CMSIS/Device/ST/STM32H7xx/Include -I../Drivers/CMSIS/Include -O0 -ffunction-sections -fdata-sections -Wall -fstack-usage -MMD -MP -MF"Core/Src/main.d" -MT"Core/Src/main.o" --specs=nano.specs -mfpu=fpv5-d16 -mfloat-abi=hard -mthumb -o "Core/Src/main.o"
../Core/Src/main.c: In function 'main':
../Core/Src/main.c:110:3: error: 'GPIO_InitStruct' undeclared (first use in this function); did you mean 'GPIO_PinState'?
   GPIO_InitStruct.Pin = button1_Pin;
   ^~~~~~~~~~~~~~~
   GPIO_PinState
../Core/Src/main.c:110:3: note: each undeclared identifier is reported only once for each function it appears in
In file included from ../Core/Inc/stm32h7xx_hal_conf.h:249:0,
                 from ../Drivers/STM32H7xx_HAL_Driver/Inc/stm32h7xx_hal.h:30,
                 from ../Core/Inc/main.h:31,
                 from ../Core/Src/main.c:21:
../Drivers/STM32H7xx_HAL_Driver/Inc/stm32h7xx_hal_gpio.h:94:36: warning: passing argument 1 of 'HAL_GPIO_ReadPin' makes pointer from integer without a cast [-Wint-conversion]
 #define GPIO_PIN_8                 ((uint16_t)0x0100)  /* Pin 8 selected    */
                                    ^
../Core/Inc/main.h:107:21: note: in expansion of macro 'GPIO_PIN_8'
 #define button1_Pin GPIO_PIN_8
                     ^~~~~~~~~~
../Core/Src/main.c:152:64: note: in expansion of macro 'button1_Pin'
     HAL_GPIO_WritePin(LD3_GPIO_Port, LD3_Pin,HAL_GPIO_ReadPin (button1_Pin, button1_GPIO_Port));
                                                                ^~~~~~~~~~~
In file included from ../Core/Inc/stm32h7xx_hal_conf.h:249:0,
                 from ../Drivers/STM32H7xx_HAL_Driver/Inc/stm32h7xx_hal.h:30,
                 from ../Core/Inc/main.h:31,
                 from ../Core/Src/main.c:21:
../Drivers/STM32H7xx_HAL_Driver/Inc/stm32h7xx_hal_gpio.h:269:15: note: expected 'GPIO_TypeDef * {aka struct <anonymous> *}' but argument is of type 'short unsigned int'
 GPIO_PinState HAL_GPIO_ReadPin(GPIO_TypeDef *GPIOx, uint16_t GPIO_Pin);
               ^~~~~~~~~~~~~~~~
In file included from ../Drivers/CMSIS/Device/ST/STM32H7xx/Include/stm32h7xx.h:124:0,
                 from ../Drivers/STM32H7xx_HAL_Driver/Inc/stm32h7xx_hal_def.h:30,
                 from ../Drivers/STM32H7xx_HAL_Driver/Inc/stm32h7xx_hal_rcc.h:29,
                 from ../Core/Inc/stm32h7xx_hal_conf.h:245,
                 from ../Drivers/STM32H7xx_HAL_Driver/Inc/stm32h7xx_hal.h:30,
                 from ../Core/Inc/main.h:31,
                 from ../Core/Src/main.c:21:
../Drivers/CMSIS/Device/ST/STM32H7xx/Include/stm32h743xx.h:2433:29: warning: passing argument 2 of 'HAL_GPIO_ReadPin' makes integer from pointer without a cast [-Wint-conversion]
 #define GPIOB               ((GPIO_TypeDef *) GPIOB_BASE)
                             ^
../Core/Inc/main.h:108:27: note: in expansion of macro 'GPIOB'
 #define button1_GPIO_Port GPIOB
                           ^~~~~
../Core/Src/main.c:152:77: note: in expansion of macro 'button1_GPIO_Port'
     HAL_GPIO_WritePin(LD3_GPIO_Port, LD3_Pin,HAL_GPIO_ReadPin (button1_Pin, button1_GPIO_Port));
                                                                             ^~~~~~~~~~~~~~~~~
In file included from ../Core/Inc/stm32h7xx_hal_conf.h:249:0,
                 from ../Drivers/STM32H7xx_HAL_Driver/Inc/stm32h7xx_hal.h:30,
                 from ../Core/Inc/main.h:31,
                 from ../Core/Src/main.c:21:
../Drivers/STM32H7xx_HAL_Driver/Inc/stm32h7xx_hal_gpio.h:269:15: note: expected 'uint16_t {aka short unsigned int}' but argument is of type 'GPIO_TypeDef * {aka struct <anonymous> *}'
 GPIO_PinState HAL_GPIO_ReadPin(GPIO_TypeDef *GPIOx, uint16_t GPIO_Pin);
               ^~~~~~~~~~~~~~~~
make: *** [Core/Src/subdir.mk:33: Core/Src/main.o] Error 1
"make -j8 all" terminated with exit code 2. Build might be incomplete.
10:04:26 **** Incremental Build of configuration Debug for project lab2 ****
make -j8 all 
arm-none-eabi-gcc "../Core/Src/main.c" -mcpu=cortex-m7 -std=gnu11 -g3 -DUSE_HAL_DRIVER -DSTM32H743xx -DDEBUG -c -I../Core/Inc -I../Drivers/STM32H7xx_HAL_Driver/Inc -I../Drivers/STM32H7xx_HAL_Driver/Inc/Legacy -I../Drivers/CMSIS/Device/ST/STM32H7xx/Include -I../Drivers/CMSIS/Include -O0 -ffunction-sections -fdata-sections -Wall -fstack-usage -MMD -MP -MF"Core/Src/main.d" -MT"Core/Src/main.o" --specs=nano.specs -mfpu=fpv5-d16 -mfloat-abi=hard -mthumb -o "Core/Src/main.o"
../Core/Src/main.c: In function 'main':
../Core/Src/main.c:110:3: error: 'GPIO_InitStruct' undeclared (first use in this function); did you mean 'GPIO_PinState'?
   GPIO_InitStruct.Pin = button1_Pin;
   ^~~~~~~~~~~~~~~
   GPIO_PinState
../Core/Src/main.c:110:3: note: each undeclared identifier is reported only once for each function it appears in
In file included from ../Core/Inc/stm32h7xx_hal_conf.h:249:0,
                 from ../Drivers/STM32H7xx_HAL_Driver/Inc/stm32h7xx_hal.h:30,
                 from ../Core/Inc/main.h:31,
                 from ../Core/Src/main.c:21:
../Drivers/STM32H7xx_HAL_Driver/Inc/stm32h7xx_hal_gpio.h:94:36: warning: passing argument 1 of 'HAL_GPIO_Init' makes pointer from integer without a cast [-Wint-conversion]
 #define GPIO_PIN_8                 ((uint16_t)0x0100)  /* Pin 8 selected    */
                                    ^
../Core/Inc/main.h:107:21: note: in expansion of macro 'GPIO_PIN_8'
 #define button1_Pin GPIO_PIN_8
                     ^~~~~~~~~~
../Core/Src/main.c:122:19: note: in expansion of macro 'button1_Pin'
     HAL_GPIO_Init(button1_Pin, &GPIO_InitStruct);
                   ^~~~~~~~~~~
In file included from ../Core/Inc/stm32h7xx_hal_conf.h:249:0,
                 from ../Drivers/STM32H7xx_HAL_Driver/Inc/stm32h7xx_hal.h:30,
                 from ../Core/Inc/main.h:31,
                 from ../Core/Src/main.c:21:
../Drivers/STM32H7xx_HAL_Driver/Inc/stm32h7xx_hal_gpio.h:259:7: note: expected 'GPIO_TypeDef * {aka struct <anonymous> *}' but argument is of type 'short unsigned int'
 void  HAL_GPIO_Init(GPIO_TypeDef  *GPIOx, GPIO_InitTypeDef *GPIO_Init);
       ^~~~~~~~~~~~~
In file included from ../Core/Inc/stm32h7xx_hal_conf.h:249:0,
                 from ../Drivers/STM32H7xx_HAL_Driver/Inc/stm32h7xx_hal.h:30,
                 from ../Core/Inc/main.h:31,
                 from ../Core/Src/main.c:21:
../Drivers/STM32H7xx_HAL_Driver/Inc/stm32h7xx_hal_gpio.h:94:36: warning: passing argument 1 of 'HAL_GPIO_ReadPin' makes pointer from integer without a cast [-Wint-conversion]
 #define GPIO_PIN_8                 ((uint16_t)0x0100)  /* Pin 8 selected    */
                                    ^
../Core/Inc/main.h:107:21: note: in expansion of macro 'GPIO_PIN_8'
 #define button1_Pin GPIO_PIN_8
                     ^~~~~~~~~~
../Core/Src/main.c:152:64: note: in expansion of macro 'button1_Pin'
     HAL_GPIO_WritePin(LD3_GPIO_Port, LD3_Pin,HAL_GPIO_ReadPin (button1_Pin, button1_GPIO_Port));
                                                                ^~~~~~~~~~~
In file included from ../Core/Inc/stm32h7xx_hal_conf.h:249:0,
                 from ../Drivers/STM32H7xx_HAL_Driver/Inc/stm32h7xx_hal.h:30,
                 from ../Core/Inc/main.h:31,
                 from ../Core/Src/main.c:21:
../Drivers/STM32H7xx_HAL_Driver/Inc/stm32h7xx_hal_gpio.h:269:15: note: expected 'GPIO_TypeDef * {aka struct <anonymous> *}' but argument is of type 'short unsigned int'
 GPIO_PinState HAL_GPIO_ReadPin(GPIO_TypeDef *GPIOx, uint16_t GPIO_Pin);
               ^~~~~~~~~~~~~~~~
In file included from ../Drivers/CMSIS/Device/ST/STM32H7xx/Include/stm32h7xx.h:124:0,
                 from ../Drivers/STM32H7xx_HAL_Driver/Inc/stm32h7xx_hal_def.h:30,
                 from ../Drivers/STM32H7xx_HAL_Driver/Inc/stm32h7xx_hal_rcc.h:29,
                 from ../Core/Inc/stm32h7xx_hal_conf.h:245,
                 from ../Drivers/STM32H7xx_HAL_Driver/Inc/stm32h7xx_hal.h:30,
                 from ../Core/Inc/main.h:31,
                 from ../Core/Src/main.c:21:
../Drivers/CMSIS/Device/ST/STM32H7xx/Include/stm32h743xx.h:2433:29: warning: passing argument 2 of 'HAL_GPIO_ReadPin' makes integer from pointer without a cast [-Wint-conversion]
 #define GPIOB               ((GPIO_TypeDef *) GPIOB_BASE)
                             ^
../Core/Inc/main.h:108:27: note: in expansion of macro 'GPIOB'
 #define button1_GPIO_Port GPIOB
                           ^~~~~
../Core/Src/main.c:152:77: note: in expansion of macro 'button1_GPIO_Port'
     HAL_GPIO_WritePin(LD3_GPIO_Port, LD3_Pin,HAL_GPIO_ReadPin (button1_Pin, button1_GPIO_Port));
                                                                             ^~~~~~~~~~~~~~~~~
In file included from ../Core/Inc/stm32h7xx_hal_conf.h:249:0,
                 from ../Drivers/STM32H7xx_HAL_Driver/Inc/stm32h7xx_hal.h:30,
                 from ../Core/Inc/main.h:31,
                 from ../Core/Src/main.c:21:
../Drivers/STM32H7xx_HAL_Driver/Inc/stm32h7xx_hal_gpio.h:269:15: note: expected 'uint16_t {aka short unsigned int}' but argument is of type 'GPIO_TypeDef * {aka struct <anonymous> *}'
 GPIO_PinState HAL_GPIO_ReadPin(GPIO_TypeDef *GPIOx, uint16_t GPIO_Pin);
               ^~~~~~~~~~~~~~~~
make: *** [Core/Src/subdir.mk:33: Core/Src/main.o] Error 1
"make -j8 all" terminated with exit code 2. Build might be incomplete.
10:06:37 **** Incremental Build of configuration Debug for project lab2 ****
make -j8 all 
arm-none-eabi-gcc "../Core/Src/main.c" -mcpu=cortex-m7 -std=gnu11 -g3 -DUSE_HAL_DRIVER -DSTM32H743xx -DDEBUG -c -I../Core/Inc -I../Drivers/STM32H7xx_HAL_Driver/Inc -I../Drivers/STM32H7xx_HAL_Driver/Inc/Legacy -I../Drivers/CMSIS/Device/ST/STM32H7xx/Include -I../Drivers/CMSIS/Include -O0 -ffunction-sections -fdata-sections -Wall -fstack-usage -MMD -MP -MF"Core/Src/main.d" -MT"Core/Src/main.o" --specs=nano.specs -mfpu=fpv5-d16 -mfloat-abi=hard -mthumb -o "Core/Src/main.o"
../Core/Src/main.c: In function 'main':
../Core/Src/main.c:111:3: error: 'GPIO_InitStruct' undeclared (first use in this function); did you mean 'GPIO_InitStructure'?
   GPIO_InitStruct.Pin = button1_Pin;
   ^~~~~~~~~~~~~~~
   GPIO_InitStructure
../Core/Src/main.c:111:3: note: each undeclared identifier is reported only once for each function it appears in
In file included from ../Core/Inc/stm32h7xx_hal_conf.h:249:0,
                 from ../Drivers/STM32H7xx_HAL_Driver/Inc/stm32h7xx_hal.h:30,
                 from ../Core/Inc/main.h:31,
                 from ../Core/Src/main.c:21:
../Drivers/STM32H7xx_HAL_Driver/Inc/stm32h7xx_hal_gpio.h:94:36: warning: passing argument 1 of 'HAL_GPIO_Init' makes pointer from integer without a cast [-Wint-conversion]
 #define GPIO_PIN_8                 ((uint16_t)0x0100)  /* Pin 8 selected    */
                                    ^
../Core/Inc/main.h:107:21: note: in expansion of macro 'GPIO_PIN_8'
 #define button1_Pin GPIO_PIN_8
                     ^~~~~~~~~~
../Core/Src/main.c:123:19: note: in expansion of macro 'button1_Pin'
     HAL_GPIO_Init(button1_Pin, &GPIO_InitStruct);
                   ^~~~~~~~~~~
In file included from ../Core/Inc/stm32h7xx_hal_conf.h:249:0,
                 from ../Drivers/STM32H7xx_HAL_Driver/Inc/stm32h7xx_hal.h:30,
                 from ../Core/Inc/main.h:31,
                 from ../Core/Src/main.c:21:
../Drivers/STM32H7xx_HAL_Driver/Inc/stm32h7xx_hal_gpio.h:259:7: note: expected 'GPIO_TypeDef * {aka struct <anonymous> *}' but argument is of type 'short unsigned int'
 void  HAL_GPIO_Init(GPIO_TypeDef  *GPIOx, GPIO_InitTypeDef *GPIO_Init);
       ^~~~~~~~~~~~~
In file included from ../Core/Inc/stm32h7xx_hal_conf.h:249:0,
                 from ../Drivers/STM32H7xx_HAL_Driver/Inc/stm32h7xx_hal.h:30,
                 from ../Core/Inc/main.h:31,
                 from ../Core/Src/main.c:21:
../Drivers/STM32H7xx_HAL_Driver/Inc/stm32h7xx_hal_gpio.h:94:36: warning: passing argument 1 of 'HAL_GPIO_ReadPin' makes pointer from integer without a cast [-Wint-conversion]
 #define GPIO_PIN_8                 ((uint16_t)0x0100)  /* Pin 8 selected    */
                                    ^
../Core/Inc/main.h:107:21: note: in expansion of macro 'GPIO_PIN_8'
 #define button1_Pin GPIO_PIN_8
                     ^~~~~~~~~~
../Core/Src/main.c:153:64: note: in expansion of macro 'button1_Pin'
     HAL_GPIO_WritePin(LD3_GPIO_Port, LD3_Pin,HAL_GPIO_ReadPin (button1_Pin, button1_GPIO_Port));
                                                                ^~~~~~~~~~~
In file included from ../Core/Inc/stm32h7xx_hal_conf.h:249:0,
                 from ../Drivers/STM32H7xx_HAL_Driver/Inc/stm32h7xx_hal.h:30,
                 from ../Core/Inc/main.h:31,
                 from ../Core/Src/main.c:21:
../Drivers/STM32H7xx_HAL_Driver/Inc/stm32h7xx_hal_gpio.h:269:15: note: expected 'GPIO_TypeDef * {aka struct <anonymous> *}' but argument is of type 'short unsigned int'
 GPIO_PinState HAL_GPIO_ReadPin(GPIO_TypeDef *GPIOx, uint16_t GPIO_Pin);
               ^~~~~~~~~~~~~~~~
In file included from ../Drivers/CMSIS/Device/ST/STM32H7xx/Include/stm32h7xx.h:124:0,
                 from ../Drivers/STM32H7xx_HAL_Driver/Inc/stm32h7xx_hal_def.h:30,
                 from ../Drivers/STM32H7xx_HAL_Driver/Inc/stm32h7xx_hal_rcc.h:29,
                 from ../Core/Inc/stm32h7xx_hal_conf.h:245,
                 from ../Drivers/STM32H7xx_HAL_Driver/Inc/stm32h7xx_hal.h:30,
                 from ../Core/Inc/main.h:31,
                 from ../Core/Src/main.c:21:
../Drivers/CMSIS/Device/ST/STM32H7xx/Include/stm32h743xx.h:2433:29: warning: passing argument 2 of 'HAL_GPIO_ReadPin' makes integer from pointer without a cast [-Wint-conversion]
 #define GPIOB               ((GPIO_TypeDef *) GPIOB_BASE)
                             ^
../Core/Inc/main.h:108:27: note: in expansion of macro 'GPIOB'
 #define button1_GPIO_Port GPIOB
                           ^~~~~
../Core/Src/main.c:153:77: note: in expansion of macro 'button1_GPIO_Port'
     HAL_GPIO_WritePin(LD3_GPIO_Port, LD3_Pin,HAL_GPIO_ReadPin (button1_Pin, button1_GPIO_Port));
                                                                             ^~~~~~~~~~~~~~~~~
In file included from ../Core/Inc/stm32h7xx_hal_conf.h:249:0,
                 from ../Drivers/STM32H7xx_HAL_Driver/Inc/stm32h7xx_hal.h:30,
                 from ../Core/Inc/main.h:31,
                 from ../Core/Src/main.c:21:
../Drivers/STM32H7xx_HAL_Driver/Inc/stm32h7xx_hal_gpio.h:269:15: note: expected 'uint16_t {aka short unsigned int}' but argument is of type 'GPIO_TypeDef * {aka struct <anonymous> *}'
 GPIO_PinState HAL_GPIO_ReadPin(GPIO_TypeDef *GPIOx, uint16_t GPIO_Pin);
               ^~~~~~~~~~~~~~~~
../Core/Src/main.c:110:20: warning: unused variable 'GPIO_InitStructure' [-Wunused-variable]
   GPIO_InitTypeDef GPIO_InitStructure;
                    ^~~~~~~~~~~~~~~~~~
make: *** [Core/Src/subdir.mk:33: Core/Src/main.o] Error 1
"make -j8 all" terminated with exit code 2. Build might be incomplete.
10:07:32 **** Incremental Build of configuration Debug for project lab2 ****
make -j8 all 
arm-none-eabi-gcc "../Core/Src/main.c" -mcpu=cortex-m7 -std=gnu11 -g3 -DUSE_HAL_DRIVER -DSTM32H743xx -DDEBUG -c -I../Core/Inc -I../Drivers/STM32H7xx_HAL_Driver/Inc -I../Drivers/STM32H7xx_HAL_Driver/Inc/Legacy -I../Drivers/CMSIS/Device/ST/STM32H7xx/Include -I../Drivers/CMSIS/Include -O0 -ffunction-sections -fdata-sections -Wall -fstack-usage -MMD -MP -MF"Core/Src/main.d" -MT"Core/Src/main.o" --specs=nano.specs -mfpu=fpv5-d16 -mfloat-abi=hard -mthumb -o "Core/Src/main.o"
In file included from ../Core/Inc/stm32h7xx_hal_conf.h:249:0,
                 from ../Drivers/STM32H7xx_HAL_Driver/Inc/stm32h7xx_hal.h:30,
                 from ../Core/Inc/main.h:31,
                 from ../Core/Src/main.c:21:
../Core/Src/main.c: In function 'main':
../Drivers/STM32H7xx_HAL_Driver/Inc/stm32h7xx_hal_gpio.h:94:36: warning: passing argument 1 of 'HAL_GPIO_Init' makes pointer from integer without a cast [-Wint-conversion]
 #define GPIO_PIN_8                 ((uint16_t)0x0100)  /* Pin 8 selected    */
                                    ^
../Core/Inc/main.h:107:21: note: in expansion of macro 'GPIO_PIN_8'
 #define button1_Pin GPIO_PIN_8
                     ^~~~~~~~~~
../Core/Src/main.c:123:19: note: in expansion of macro 'button1_Pin'
     HAL_GPIO_Init(button1_Pin, &GPIO_InitStruct);
                   ^~~~~~~~~~~
In file included from ../Core/Inc/stm32h7xx_hal_conf.h:249:0,
                 from ../Drivers/STM32H7xx_HAL_Driver/Inc/stm32h7xx_hal.h:30,
                 from ../Core/Inc/main.h:31,
                 from ../Core/Src/main.c:21:
../Drivers/STM32H7xx_HAL_Driver/Inc/stm32h7xx_hal_gpio.h:259:7: note: expected 'GPIO_TypeDef * {aka struct <anonymous> *}' but argument is of type 'short unsigned int'
 void  HAL_GPIO_Init(GPIO_TypeDef  *GPIOx, GPIO_InitTypeDef *GPIO_Init);
       ^~~~~~~~~~~~~
In file included from ../Core/Inc/stm32h7xx_hal_conf.h:249:0,
                 from ../Drivers/STM32H7xx_HAL_Driver/Inc/stm32h7xx_hal.h:30,
                 from ../Core/Inc/main.h:31,
                 from ../Core/Src/main.c:21:
../Drivers/STM32H7xx_HAL_Driver/Inc/stm32h7xx_hal_gpio.h:94:36: warning: passing argument 1 of 'HAL_GPIO_ReadPin' makes pointer from integer without a cast [-Wint-conversion]
 #define GPIO_PIN_8                 ((uint16_t)0x0100)  /* Pin 8 selected    */
                                    ^
../Core/Inc/main.h:107:21: note: in expansion of macro 'GPIO_PIN_8'
 #define button1_Pin GPIO_PIN_8
                     ^~~~~~~~~~
../Core/Src/main.c:153:64: note: in expansion of macro 'button1_Pin'
     HAL_GPIO_WritePin(LD3_GPIO_Port, LD3_Pin,HAL_GPIO_ReadPin (button1_Pin, button1_GPIO_Port));
                                                                ^~~~~~~~~~~
In file included from ../Core/Inc/stm32h7xx_hal_conf.h:249:0,
                 from ../Drivers/STM32H7xx_HAL_Driver/Inc/stm32h7xx_hal.h:30,
                 from ../Core/Inc/main.h:31,
                 from ../Core/Src/main.c:21:
../Drivers/STM32H7xx_HAL_Driver/Inc/stm32h7xx_hal_gpio.h:269:15: note: expected 'GPIO_TypeDef * {aka struct <anonymous> *}' but argument is of type 'short unsigned int'
 GPIO_PinState HAL_GPIO_ReadPin(GPIO_TypeDef *GPIOx, uint16_t GPIO_Pin);
               ^~~~~~~~~~~~~~~~
In file included from ../Drivers/CMSIS/Device/ST/STM32H7xx/Include/stm32h7xx.h:124:0,
                 from ../Drivers/STM32H7xx_HAL_Driver/Inc/stm32h7xx_hal_def.h:30,
                 from ../Drivers/STM32H7xx_HAL_Driver/Inc/stm32h7xx_hal_rcc.h:29,
                 from ../Core/Inc/stm32h7xx_hal_conf.h:245,
                 from ../Drivers/STM32H7xx_HAL_Driver/Inc/stm32h7xx_hal.h:30,
                 from ../Core/Inc/main.h:31,
                 from ../Core/Src/main.c:21:
../Drivers/CMSIS/Device/ST/STM32H7xx/Include/stm32h743xx.h:2433:29: warning: passing argument 2 of 'HAL_GPIO_ReadPin' makes integer from pointer without a cast [-Wint-conversion]
 #define GPIOB               ((GPIO_TypeDef *) GPIOB_BASE)
                             ^
../Core/Inc/main.h:108:27: note: in expansion of macro 'GPIOB'
 #define button1_GPIO_Port GPIOB
                           ^~~~~
../Core/Src/main.c:153:77: note: in expansion of macro 'button1_GPIO_Port'
     HAL_GPIO_WritePin(LD3_GPIO_Port, LD3_Pin,HAL_GPIO_ReadPin (button1_Pin, button1_GPIO_Port));
                                                                             ^~~~~~~~~~~~~~~~~
In file included from ../Core/Inc/stm32h7xx_hal_conf.h:249:0,
                 from ../Drivers/STM32H7xx_HAL_Driver/Inc/stm32h7xx_hal.h:30,
                 from ../Core/Inc/main.h:31,
                 from ../Core/Src/main.c:21:
../Drivers/STM32H7xx_HAL_Driver/Inc/stm32h7xx_hal_gpio.h:269:15: note: expected 'uint16_t {aka short unsigned int}' but argument is of type 'GPIO_TypeDef * {aka struct <anonymous> *}'
 GPIO_PinState HAL_GPIO_ReadPin(GPIO_TypeDef *GPIOx, uint16_t GPIO_Pin);
               ^~~~~~~~~~~~~~~~
arm-none-eabi-gcc -o "lab2.elf" @"objects.list"   -mcpu=cortex-m7 -T"D:\HWs\STM32\lab2\STM32H743ZITX_FLASH.ld" --specs=nosys.specs -Wl,-Map="lab2.map" -Wl,--gc-sections -static --specs=nano.specs -mfpu=fpv5-d16 -mfloat-abi=hard -mthumb -Wl,--start-group -lc -lm -Wl,--end-group
Finished building target: lab2.elf
 
arm-none-eabi-objdump -h -S  lab2.elf  > "lab2.list"
arm-none-eabi-objcopy  -O binary  lab2.elf  "lab2.bin"
arm-none-eabi-size   lab2.elf 
   text	   data	    bss	    dec	    hex	filename
  24268	    216	   2904	  27388	   6afc	lab2.elf
Finished building: default.size.stdout
 
Finished building: lab2.bin
 
Finished building: lab2.list
 
10:10:37 **** Incremental Build of configuration Debug for project lab2 ****
make -j8 all 
arm-none-eabi-size   lab2.elf 
   text	   data	    bss	    dec	    hex	filename
  24268	    216	   2904	  27388	   6afc	lab2.elf
Finished building: default.size.stdout
 
10:18:24 **** Incremental Build of configuration Debug for project lab2 ****
make -j8 all 
arm-none-eabi-gcc "../Drivers/STM32H7xx_HAL_Driver/Src/stm32h7xx_hal.c" -mcpu=cortex-m7 -std=gnu11 -g3 -DUSE_HAL_DRIVER -DSTM32H743xx -DDEBUG -c -I../Core/Inc -I../Drivers/STM32H7xx_HAL_Driver/Inc -I../Drivers/STM32H7xx_HAL_Driver/Inc/Legacy -I../Drivers/CMSIS/Device/ST/STM32H7xx/Include -I../Drivers/CMSIS/Include -O0 -ffunction-sections -fdata-sections -Wall -fstack-usage -MMD -MP -MF"Drivers/STM32H7xx_HAL_Driver/Src/stm32h7xx_hal.d" -MT"Drivers/STM32H7xx_HAL_Driver/Src/stm32h7xx_hal.o" --specs=nano.specs -mfpu=fpv5-d16 -mfloat-abi=hard -mthumb -o "Drivers/STM32H7xx_HAL_Driver/Src/stm32h7xx_hal.o"
arm-none-eabi-gcc "../Drivers/STM32H7xx_HAL_Driver/Src/stm32h7xx_hal_cortex.c" -mcpu=cortex-m7 -std=gnu11 -g3 -DUSE_HAL_DRIVER -DSTM32H743xx -DDEBUG -c -I../Core/Inc -I../Drivers/STM32H7xx_HAL_Driver/Inc -I../Drivers/STM32H7xx_HAL_Driver/Inc/Legacy -I../Drivers/CMSIS/Device/ST/STM32H7xx/Include -I../Drivers/CMSIS/Include -O0 -ffunction-sections -fdata-sections -Wall -fstack-usage -MMD -MP -MF"Drivers/STM32H7xx_HAL_Driver/Src/stm32h7xx_hal_cortex.d" -MT"Drivers/STM32H7xx_HAL_Driver/Src/stm32h7xx_hal_cortex.o" --specs=nano.specs -mfpu=fpv5-d16 -mfloat-abi=hard -mthumb -o "Drivers/STM32H7xx_HAL_Driver/Src/stm32h7xx_hal_cortex.o"
arm-none-eabi-gcc "../Drivers/STM32H7xx_HAL_Driver/Src/stm32h7xx_hal_dma.c" -mcpu=cortex-m7 -std=gnu11 -g3 -DUSE_HAL_DRIVER -DSTM32H743xx -DDEBUG -c -I../Core/Inc -I../Drivers/STM32H7xx_HAL_Driver/Inc -I../Drivers/STM32H7xx_HAL_Driver/Inc/Legacy -I../Drivers/CMSIS/Device/ST/STM32H7xx/Include -I../Drivers/CMSIS/Include -O0 -ffunction-sections -fdata-sections -Wall -fstack-usage -MMD -MP -MF"Drivers/STM32H7xx_HAL_Driver/Src/stm32h7xx_hal_dma.d" -MT"Drivers/STM32H7xx_HAL_Driver/Src/stm32h7xx_hal_dma.o" --specs=nano.specs -mfpu=fpv5-d16 -mfloat-abi=hard -mthumb -o "Drivers/STM32H7xx_HAL_Driver/Src/stm32h7xx_hal_dma.o"
arm-none-eabi-gcc "../Drivers/STM32H7xx_HAL_Driver/Src/stm32h7xx_hal_dma_ex.c" -mcpu=cortex-m7 -std=gnu11 -g3 -DUSE_HAL_DRIVER -DSTM32H743xx -DDEBUG -c -I../Core/Inc -I../Drivers/STM32H7xx_HAL_Driver/Inc -I../Drivers/STM32H7xx_HAL_Driver/Inc/Legacy -I../Drivers/CMSIS/Device/ST/STM32H7xx/Include -I../Drivers/CMSIS/Include -O0 -ffunction-sections -fdata-sections -Wall -fstack-usage -MMD -MP -MF"Drivers/STM32H7xx_HAL_Driver/Src/stm32h7xx_hal_dma_ex.d" -MT"Drivers/STM32H7xx_HAL_Driver/Src/stm32h7xx_hal_dma_ex.o" --specs=nano.specs -mfpu=fpv5-d16 -mfloat-abi=hard -mthumb -o "Drivers/STM32H7xx_HAL_Driver/Src/stm32h7xx_hal_dma_ex.o"
arm-none-eabi-gcc "../Drivers/STM32H7xx_HAL_Driver/Src/stm32h7xx_hal_eth.c" -mcpu=cortex-m7 -std=gnu11 -g3 -DUSE_HAL_DRIVER -DSTM32H743xx -DDEBUG -c -I../Core/Inc -I../Drivers/STM32H7xx_HAL_Driver/Inc -I../Drivers/STM32H7xx_HAL_Driver/Inc/Legacy -I../Drivers/CMSIS/Device/ST/STM32H7xx/Include -I../Drivers/CMSIS/Include -O0 -ffunction-sections -fdata-sections -Wall -fstack-usage -MMD -MP -MF"Drivers/STM32H7xx_HAL_Driver/Src/stm32h7xx_hal_eth.d" -MT"Drivers/STM32H7xx_HAL_Driver/Src/stm32h7xx_hal_eth.o" --specs=nano.specs -mfpu=fpv5-d16 -mfloat-abi=hard -mthumb -o "Drivers/STM32H7xx_HAL_Driver/Src/stm32h7xx_hal_eth.o"
arm-none-eabi-gcc "../Drivers/STM32H7xx_HAL_Driver/Src/stm32h7xx_hal_eth_ex.c" -mcpu=cortex-m7 -std=gnu11 -g3 -DUSE_HAL_DRIVER -DSTM32H743xx -DDEBUG -c -I../Core/Inc -I../Drivers/STM32H7xx_HAL_Driver/Inc -I../Drivers/STM32H7xx_HAL_Driver/Inc/Legacy -I../Drivers/CMSIS/Device/ST/STM32H7xx/Include -I../Drivers/CMSIS/Include -O0 -ffunction-sections -fdata-sections -Wall -fstack-usage -MMD -MP -MF"Drivers/STM32H7xx_HAL_Driver/Src/stm32h7xx_hal_eth_ex.d" -MT"Drivers/STM32H7xx_HAL_Driver/Src/stm32h7xx_hal_eth_ex.o" --specs=nano.specs -mfpu=fpv5-d16 -mfloat-abi=hard -mthumb -o "Drivers/STM32H7xx_HAL_Driver/Src/stm32h7xx_hal_eth_ex.o"
arm-none-eabi-gcc "../Drivers/STM32H7xx_HAL_Driver/Src/stm32h7xx_hal_exti.c" -mcpu=cortex-m7 -std=gnu11 -g3 -DUSE_HAL_DRIVER -DSTM32H743xx -DDEBUG -c -I../Core/Inc -I../Drivers/STM32H7xx_HAL_Driver/Inc -I../Drivers/STM32H7xx_HAL_Driver/Inc/Legacy -I../Drivers/CMSIS/Device/ST/STM32H7xx/Include -I../Drivers/CMSIS/Include -O0 -ffunction-sections -fdata-sections -Wall -fstack-usage -MMD -MP -MF"Drivers/STM32H7xx_HAL_Driver/Src/stm32h7xx_hal_exti.d" -MT"Drivers/STM32H7xx_HAL_Driver/Src/stm32h7xx_hal_exti.o" --specs=nano.specs -mfpu=fpv5-d16 -mfloat-abi=hard -mthumb -o "Drivers/STM32H7xx_HAL_Driver/Src/stm32h7xx_hal_exti.o"
arm-none-eabi-gcc "../Drivers/STM32H7xx_HAL_Driver/Src/stm32h7xx_hal_flash.c" -mcpu=cortex-m7 -std=gnu11 -g3 -DUSE_HAL_DRIVER -DSTM32H743xx -DDEBUG -c -I../Core/Inc -I../Drivers/STM32H7xx_HAL_Driver/Inc -I../Drivers/STM32H7xx_HAL_Driver/Inc/Legacy -I../Drivers/CMSIS/Device/ST/STM32H7xx/Include -I../Drivers/CMSIS/Include -O0 -ffunction-sections -fdata-sections -Wall -fstack-usage -MMD -MP -MF"Drivers/STM32H7xx_HAL_Driver/Src/stm32h7xx_hal_flash.d" -MT"Drivers/STM32H7xx_HAL_Driver/Src/stm32h7xx_hal_flash.o" --specs=nano.specs -mfpu=fpv5-d16 -mfloat-abi=hard -mthumb -o "Drivers/STM32H7xx_HAL_Driver/Src/stm32h7xx_hal_flash.o"
arm-none-eabi-gcc "../Drivers/STM32H7xx_HAL_Driver/Src/stm32h7xx_hal_flash_ex.c" -mcpu=cortex-m7 -std=gnu11 -g3 -DUSE_HAL_DRIVER -DSTM32H743xx -DDEBUG -c -I../Core/Inc -I../Drivers/STM32H7xx_HAL_Driver/Inc -I../Drivers/STM32H7xx_HAL_Driver/Inc/Legacy -I../Drivers/CMSIS/Device/ST/STM32H7xx/Include -I../Drivers/CMSIS/Include -O0 -ffunction-sections -fdata-sections -Wall -fstack-usage -MMD -MP -MF"Drivers/STM32H7xx_HAL_Driver/Src/stm32h7xx_hal_flash_ex.d" -MT"Drivers/STM32H7xx_HAL_Driver/Src/stm32h7xx_hal_flash_ex.o" --specs=nano.specs -mfpu=fpv5-d16 -mfloat-abi=hard -mthumb -o "Drivers/STM32H7xx_HAL_Driver/Src/stm32h7xx_hal_flash_ex.o"
arm-none-eabi-gcc "../Drivers/STM32H7xx_HAL_Driver/Src/stm32h7xx_hal_gpio.c" -mcpu=cortex-m7 -std=gnu11 -g3 -DUSE_HAL_DRIVER -DSTM32H743xx -DDEBUG -c -I../Core/Inc -I../Drivers/STM32H7xx_HAL_Driver/Inc -I../Drivers/STM32H7xx_HAL_Driver/Inc/Legacy -I../Drivers/CMSIS/Device/ST/STM32H7xx/Include -I../Drivers/CMSIS/Include -O0 -ffunction-sections -fdata-sections -Wall -fstack-usage -MMD -MP -MF"Drivers/STM32H7xx_HAL_Driver/Src/stm32h7xx_hal_gpio.d" -MT"Drivers/STM32H7xx_HAL_Driver/Src/stm32h7xx_hal_gpio.o" --specs=nano.specs -mfpu=fpv5-d16 -mfloat-abi=hard -mthumb -o "Drivers/STM32H7xx_HAL_Driver/Src/stm32h7xx_hal_gpio.o"
arm-none-eabi-gcc "../Drivers/STM32H7xx_HAL_Driver/Src/stm32h7xx_hal_hsem.c" -mcpu=cortex-m7 -std=gnu11 -g3 -DUSE_HAL_DRIVER -DSTM32H743xx -DDEBUG -c -I../Core/Inc -I../Drivers/STM32H7xx_HAL_Driver/Inc -I../Drivers/STM32H7xx_HAL_Driver/Inc/Legacy -I../Drivers/CMSIS/Device/ST/STM32H7xx/Include -I../Drivers/CMSIS/Include -O0 -ffunction-sections -fdata-sections -Wall -fstack-usage -MMD -MP -MF"Drivers/STM32H7xx_HAL_Driver/Src/stm32h7xx_hal_hsem.d" -MT"Drivers/STM32H7xx_HAL_Driver/Src/stm32h7xx_hal_hsem.o" --specs=nano.specs -mfpu=fpv5-d16 -mfloat-abi=hard -mthumb -o "Drivers/STM32H7xx_HAL_Driver/Src/stm32h7xx_hal_hsem.o"
arm-none-eabi-gcc "../Drivers/STM32H7xx_HAL_Driver/Src/stm32h7xx_hal_i2c.c" -mcpu=cortex-m7 -std=gnu11 -g3 -DUSE_HAL_DRIVER -DSTM32H743xx -DDEBUG -c -I../Core/Inc -I../Drivers/STM32H7xx_HAL_Driver/Inc -I../Drivers/STM32H7xx_HAL_Driver/Inc/Legacy -I../Drivers/CMSIS/Device/ST/STM32H7xx/Include -I../Drivers/CMSIS/Include -O0 -ffunction-sections -fdata-sections -Wall -fstack-usage -MMD -MP -MF"Drivers/STM32H7xx_HAL_Driver/Src/stm32h7xx_hal_i2c.d" -MT"Drivers/STM32H7xx_HAL_Driver/Src/stm32h7xx_hal_i2c.o" --specs=nano.specs -mfpu=fpv5-d16 -mfloat-abi=hard -mthumb -o "Drivers/STM32H7xx_HAL_Driver/Src/stm32h7xx_hal_i2c.o"
arm-none-eabi-gcc "../Drivers/STM32H7xx_HAL_Driver/Src/stm32h7xx_hal_i2c_ex.c" -mcpu=cortex-m7 -std=gnu11 -g3 -DUSE_HAL_DRIVER -DSTM32H743xx -DDEBUG -c -I../Core/Inc -I../Drivers/STM32H7xx_HAL_Driver/Inc -I../Drivers/STM32H7xx_HAL_Driver/Inc/Legacy -I../Drivers/CMSIS/Device/ST/STM32H7xx/Include -I../Drivers/CMSIS/Include -O0 -ffunction-sections -fdata-sections -Wall -fstack-usage -MMD -MP -MF"Drivers/STM32H7xx_HAL_Driver/Src/stm32h7xx_hal_i2c_ex.d" -MT"Drivers/STM32H7xx_HAL_Driver/Src/stm32h7xx_hal_i2c_ex.o" --specs=nano.specs -mfpu=fpv5-d16 -mfloat-abi=hard -mthumb -o "Drivers/STM32H7xx_HAL_Driver/Src/stm32h7xx_hal_i2c_ex.o"
arm-none-eabi-gcc "../Drivers/STM32H7xx_HAL_Driver/Src/stm32h7xx_hal_mdma.c" -mcpu=cortex-m7 -std=gnu11 -g3 -DUSE_HAL_DRIVER -DSTM32H743xx -DDEBUG -c -I../Core/Inc -I../Drivers/STM32H7xx_HAL_Driver/Inc -I../Drivers/STM32H7xx_HAL_Driver/Inc/Legacy -I../Drivers/CMSIS/Device/ST/STM32H7xx/Include -I../Drivers/CMSIS/Include -O0 -ffunction-sections -fdata-sections -Wall -fstack-usage -MMD -MP -MF"Drivers/STM32H7xx_HAL_Driver/Src/stm32h7xx_hal_mdma.d" -MT"Drivers/STM32H7xx_HAL_Driver/Src/stm32h7xx_hal_mdma.o" --specs=nano.specs -mfpu=fpv5-d16 -mfloat-abi=hard -mthumb -o "Drivers/STM32H7xx_HAL_Driver/Src/stm32h7xx_hal_mdma.o"
arm-none-eabi-gcc "../Drivers/STM32H7xx_HAL_Driver/Src/stm32h7xx_hal_pcd.c" -mcpu=cortex-m7 -std=gnu11 -g3 -DUSE_HAL_DRIVER -DSTM32H743xx -DDEBUG -c -I../Core/Inc -I../Drivers/STM32H7xx_HAL_Driver/Inc -I../Drivers/STM32H7xx_HAL_Driver/Inc/Legacy -I../Drivers/CMSIS/Device/ST/STM32H7xx/Include -I../Drivers/CMSIS/Include -O0 -ffunction-sections -fdata-sections -Wall -fstack-usage -MMD -MP -MF"Drivers/STM32H7xx_HAL_Driver/Src/stm32h7xx_hal_pcd.d" -MT"Drivers/STM32H7xx_HAL_Driver/Src/stm32h7xx_hal_pcd.o" --specs=nano.specs -mfpu=fpv5-d16 -mfloat-abi=hard -mthumb -o "Drivers/STM32H7xx_HAL_Driver/Src/stm32h7xx_hal_pcd.o"
arm-none-eabi-gcc "../Drivers/STM32H7xx_HAL_Driver/Src/stm32h7xx_hal_pcd_ex.c" -mcpu=cortex-m7 -std=gnu11 -g3 -DUSE_HAL_DRIVER -DSTM32H743xx -DDEBUG -c -I../Core/Inc -I../Drivers/STM32H7xx_HAL_Driver/Inc -I../Drivers/STM32H7xx_HAL_Driver/Inc/Legacy -I../Drivers/CMSIS/Device/ST/STM32H7xx/Include -I../Drivers/CMSIS/Include -O0 -ffunction-sections -fdata-sections -Wall -fstack-usage -MMD -MP -MF"Drivers/STM32H7xx_HAL_Driver/Src/stm32h7xx_hal_pcd_ex.d" -MT"Drivers/STM32H7xx_HAL_Driver/Src/stm32h7xx_hal_pcd_ex.o" --specs=nano.specs -mfpu=fpv5-d16 -mfloat-abi=hard -mthumb -o "Drivers/STM32H7xx_HAL_Driver/Src/stm32h7xx_hal_pcd_ex.o"
arm-none-eabi-gcc "../Drivers/STM32H7xx_HAL_Driver/Src/stm32h7xx_hal_pwr.c" -mcpu=cortex-m7 -std=gnu11 -g3 -DUSE_HAL_DRIVER -DSTM32H743xx -DDEBUG -c -I../Core/Inc -I../Drivers/STM32H7xx_HAL_Driver/Inc -I../Drivers/STM32H7xx_HAL_Driver/Inc/Legacy -I../Drivers/CMSIS/Device/ST/STM32H7xx/Include -I../Drivers/CMSIS/Include -O0 -ffunction-sections -fdata-sections -Wall -fstack-usage -MMD -MP -MF"Drivers/STM32H7xx_HAL_Driver/Src/stm32h7xx_hal_pwr.d" -MT"Drivers/STM32H7xx_HAL_Driver/Src/stm32h7xx_hal_pwr.o" --specs=nano.specs -mfpu=fpv5-d16 -mfloat-abi=hard -mthumb -o "Drivers/STM32H7xx_HAL_Driver/Src/stm32h7xx_hal_pwr.o"
arm-none-eabi-gcc "../Drivers/STM32H7xx_HAL_Driver/Src/stm32h7xx_hal_pwr_ex.c" -mcpu=cortex-m7 -std=gnu11 -g3 -DUSE_HAL_DRIVER -DSTM32H743xx -DDEBUG -c -I../Core/Inc -I../Drivers/STM32H7xx_HAL_Driver/Inc -I../Drivers/STM32H7xx_HAL_Driver/Inc/Legacy -I../Drivers/CMSIS/Device/ST/STM32H7xx/Include -I../Drivers/CMSIS/Include -O0 -ffunction-sections -fdata-sections -Wall -fstack-usage -MMD -MP -MF"Drivers/STM32H7xx_HAL_Driver/Src/stm32h7xx_hal_pwr_ex.d" -MT"Drivers/STM32H7xx_HAL_Driver/Src/stm32h7xx_hal_pwr_ex.o" --specs=nano.specs -mfpu=fpv5-d16 -mfloat-abi=hard -mthumb -o "Drivers/STM32H7xx_HAL_Driver/Src/stm32h7xx_hal_pwr_ex.o"
arm-none-eabi-gcc "../Drivers/STM32H7xx_HAL_Driver/Src/stm32h7xx_hal_rcc.c" -mcpu=cortex-m7 -std=gnu11 -g3 -DUSE_HAL_DRIVER -DSTM32H743xx -DDEBUG -c -I../Core/Inc -I../Drivers/STM32H7xx_HAL_Driver/Inc -I../Drivers/STM32H7xx_HAL_Driver/Inc/Legacy -I../Drivers/CMSIS/Device/ST/STM32H7xx/Include -I../Drivers/CMSIS/Include -O0 -ffunction-sections -fdata-sections -Wall -fstack-usage -MMD -MP -MF"Drivers/STM32H7xx_HAL_Driver/Src/stm32h7xx_hal_rcc.d" -MT"Drivers/STM32H7xx_HAL_Driver/Src/stm32h7xx_hal_rcc.o" --specs=nano.specs -mfpu=fpv5-d16 -mfloat-abi=hard -mthumb -o "Drivers/STM32H7xx_HAL_Driver/Src/stm32h7xx_hal_rcc.o"
arm-none-eabi-gcc "../Drivers/STM32H7xx_HAL_Driver/Src/stm32h7xx_hal_rcc_ex.c" -mcpu=cortex-m7 -std=gnu11 -g3 -DUSE_HAL_DRIVER -DSTM32H743xx -DDEBUG -c -I../Core/Inc -I../Drivers/STM32H7xx_HAL_Driver/Inc -I../Drivers/STM32H7xx_HAL_Driver/Inc/Legacy -I../Drivers/CMSIS/Device/ST/STM32H7xx/Include -I../Drivers/CMSIS/Include -O0 -ffunction-sections -fdata-sections -Wall -fstack-usage -MMD -MP -MF"Drivers/STM32H7xx_HAL_Driver/Src/stm32h7xx_hal_rcc_ex.d" -MT"Drivers/STM32H7xx_HAL_Driver/Src/stm32h7xx_hal_rcc_ex.o" --specs=nano.specs -mfpu=fpv5-d16 -mfloat-abi=hard -mthumb -o "Drivers/STM32H7xx_HAL_Driver/Src/stm32h7xx_hal_rcc_ex.o"
arm-none-eabi-gcc "../Drivers/STM32H7xx_HAL_Driver/Src/stm32h7xx_hal_tim.c" -mcpu=cortex-m7 -std=gnu11 -g3 -DUSE_HAL_DRIVER -DSTM32H743xx -DDEBUG -c -I../Core/Inc -I../Drivers/STM32H7xx_HAL_Driver/Inc -I../Drivers/STM32H7xx_HAL_Driver/Inc/Legacy -I../Drivers/CMSIS/Device/ST/STM32H7xx/Include -I../Drivers/CMSIS/Include -O0 -ffunction-sections -fdata-sections -Wall -fstack-usage -MMD -MP -MF"Drivers/STM32H7xx_HAL_Driver/Src/stm32h7xx_hal_tim.d" -MT"Drivers/STM32H7xx_HAL_Driver/Src/stm32h7xx_hal_tim.o" --specs=nano.specs -mfpu=fpv5-d16 -mfloat-abi=hard -mthumb -o "Drivers/STM32H7xx_HAL_Driver/Src/stm32h7xx_hal_tim.o"
arm-none-eabi-gcc "../Drivers/STM32H7xx_HAL_Driver/Src/stm32h7xx_hal_tim_ex.c" -mcpu=cortex-m7 -std=gnu11 -g3 -DUSE_HAL_DRIVER -DSTM32H743xx -DDEBUG -c -I../Core/Inc -I../Drivers/STM32H7xx_HAL_Driver/Inc -I../Drivers/STM32H7xx_HAL_Driver/Inc/Legacy -I../Drivers/CMSIS/Device/ST/STM32H7xx/Include -I../Drivers/CMSIS/Include -O0 -ffunction-sections -fdata-sections -Wall -fstack-usage -MMD -MP -MF"Drivers/STM32H7xx_HAL_Driver/Src/stm32h7xx_hal_tim_ex.d" -MT"Drivers/STM32H7xx_HAL_Driver/Src/stm32h7xx_hal_tim_ex.o" --specs=nano.specs -mfpu=fpv5-d16 -mfloat-abi=hard -mthumb -o "Drivers/STM32H7xx_HAL_Driver/Src/stm32h7xx_hal_tim_ex.o"
arm-none-eabi-gcc "../Drivers/STM32H7xx_HAL_Driver/Src/stm32h7xx_hal_uart.c" -mcpu=cortex-m7 -std=gnu11 -g3 -DUSE_HAL_DRIVER -DSTM32H743xx -DDEBUG -c -I../Core/Inc -I../Drivers/STM32H7xx_HAL_Driver/Inc -I../Drivers/STM32H7xx_HAL_Driver/Inc/Legacy -I../Drivers/CMSIS/Device/ST/STM32H7xx/Include -I../Drivers/CMSIS/Include -O0 -ffunction-sections -fdata-sections -Wall -fstack-usage -MMD -MP -MF"Drivers/STM32H7xx_HAL_Driver/Src/stm32h7xx_hal_uart.d" -MT"Drivers/STM32H7xx_HAL_Driver/Src/stm32h7xx_hal_uart.o" --specs=nano.specs -mfpu=fpv5-d16 -mfloat-abi=hard -mthumb -o "Drivers/STM32H7xx_HAL_Driver/Src/stm32h7xx_hal_uart.o"
arm-none-eabi-gcc "../Drivers/STM32H7xx_HAL_Driver/Src/stm32h7xx_hal_uart_ex.c" -mcpu=cortex-m7 -std=gnu11 -g3 -DUSE_HAL_DRIVER -DSTM32H743xx -DDEBUG -c -I../Core/Inc -I../Drivers/STM32H7xx_HAL_Driver/Inc -I../Drivers/STM32H7xx_HAL_Driver/Inc/Legacy -I../Drivers/CMSIS/Device/ST/STM32H7xx/Include -I../Drivers/CMSIS/Include -O0 -ffunction-sections -fdata-sections -Wall -fstack-usage -MMD -MP -MF"Drivers/STM32H7xx_HAL_Driver/Src/stm32h7xx_hal_uart_ex.d" -MT"Drivers/STM32H7xx_HAL_Driver/Src/stm32h7xx_hal_uart_ex.o" --specs=nano.specs -mfpu=fpv5-d16 -mfloat-abi=hard -mthumb -o "Drivers/STM32H7xx_HAL_Driver/Src/stm32h7xx_hal_uart_ex.o"
[...]
arm-none-eabi-gcc "../Drivers/STM32H7xx_HAL_Driver/Src/stm32h7xx_hal_eth.c" -mcpu=cortex-m7 -std=gnu11 -g3 -DUSE_HAL_DRIVER -DSTM32H743xx -DDEBUG -c -I../Core/Inc -I../Drivers/STM32H7xx_HAL_Driver/Inc -I../Drivers/STM32H7xx_HAL_Driver/Inc/Legacy -I../Drivers/CMSIS/Device/ST/STM32H7xx/Include -I../Drivers/CMSIS/Include -O0 -ffunction-sections -fdata-sections -Wall -fstack-usage -MMD -MP -MF"Drivers/STM32H7xx_HAL_Driver/Src/stm32h7xx_hal_eth.d" -MT"Drivers/STM32H7xx_HAL_Driver/Src/stm32h7xx_hal_eth.o" --specs=nano.specs -mfpu=fpv5-d16 -mfloat-abi=hard -mthumb -o "Drivers/STM32H7xx_HAL_Driver/Src/stm32h7xx_hal_eth.o"
arm-none-eabi-gcc "../Drivers/STM32H7xx_HAL_Driver/Src/stm32h7xx_hal_eth_ex.c" -mcpu=cortex-m7 -std=gnu11 -g3 -DUSE_HAL_DRIVER -DSTM32H743xx -DDEBUG -c -I../Core/Inc -I../Drivers/STM32H7xx_HAL_Driver/Inc -I../Drivers/STM32H7xx_HAL_Driver/Inc/Legacy -I../Drivers/CMSIS/Device/ST/STM32H7xx/Include -I../Drivers/CMSIS/Include -O0 -ffunction-sections -fdata-sections -Wall -fstack-usage -MMD -MP -MF"Drivers/STM32H7xx_HAL_Driver/Src/stm32h7xx_hal_eth_ex.d" -MT"Drivers/STM32H7xx_HAL_Driver/Src/stm32h7xx_hal_eth_ex.o" --specs=nano.specs -mfpu=fpv5-d16 -mfloat-abi=hard -mthumb -o "Drivers/STM32H7xx_HAL_Driver/Src/stm32h7xx_hal_eth_ex.o"
arm-none-eabi-gcc "../Drivers/STM32H7xx_HAL_Driver/Src/stm32h7xx_hal_exti.c" -mcpu=cortex-m7 -std=gnu11 -g3 -DUSE_HAL_DRIVER -DSTM32H743xx -DDEBUG -c -I../Core/Inc -I../Drivers/STM32H7xx_HAL_Driver/Inc -I../Drivers/STM32H7xx_HAL_Driver/Inc/Legacy -I../Drivers/CMSIS/Device/ST/STM32H7xx/Include -I../Drivers/CMSIS/Include -O0 -ffunction-sections -fdata-sections -Wall -fstack-usage -MMD -MP -MF"Drivers/STM32H7xx_HAL_Driver/Src/stm32h7xx_hal_exti.d" -MT"Drivers/STM32H7xx_HAL_Driver/Src/stm32h7xx_hal_exti.o" --specs=nano.specs -mfpu=fpv5-d16 -mfloat-abi=hard -mthumb -o "Drivers/STM32H7xx_HAL_Driver/Src/stm32h7xx_hal_exti.o"
arm-none-eabi-gcc "../Drivers/STM32H7xx_HAL_Driver/Src/stm32h7xx_hal_flash.c" -mcpu=cortex-m7 -std=gnu11 -g3 -DUSE_HAL_DRIVER -DSTM32H743xx -DDEBUG -c -I../Core/Inc -I../Drivers/STM32H7xx_HAL_Driver/Inc -I../Drivers/STM32H7xx_HAL_Driver/Inc/Legacy -I../Drivers/CMSIS/Device/ST/STM32H7xx/Include -I../Drivers/CMSIS/Include -O0 -ffunction-sections -fdata-sections -Wall -fstack-usage -MMD -MP -MF"Drivers/STM32H7xx_HAL_Driver/Src/stm32h7xx_hal_flash.d" -MT"Drivers/STM32H7xx_HAL_Driver/Src/stm32h7xx_hal_flash.o" --specs=nano.specs -mfpu=fpv5-d16 -mfloat-abi=hard -mthumb -o "Drivers/STM32H7xx_HAL_Driver/Src/stm32h7xx_hal_flash.o"
arm-none-eabi-gcc "../Drivers/STM32H7xx_HAL_Driver/Src/stm32h7xx_hal_flash_ex.c" -mcpu=cortex-m7 -std=gnu11 -g3 -DUSE_HAL_DRIVER -DSTM32H743xx -DDEBUG -c -I../Core/Inc -I../Drivers/STM32H7xx_HAL_Driver/Inc -I../Drivers/STM32H7xx_HAL_Driver/Inc/Legacy -I../Drivers/CMSIS/Device/ST/STM32H7xx/Include -I../Drivers/CMSIS/Include -O0 -ffunction-sections -fdata-sections -Wall -fstack-usage -MMD -MP -MF"Drivers/STM32H7xx_HAL_Driver/Src/stm32h7xx_hal_flash_ex.d" -MT"Drivers/STM32H7xx_HAL_Driver/Src/stm32h7xx_hal_flash_ex.o" --specs=nano.specs -mfpu=fpv5-d16 -mfloat-abi=hard -mthumb -o "Drivers/STM32H7xx_HAL_Driver/Src/stm32h7xx_hal_flash_ex.o"
arm-none-eabi-gcc "../Drivers/STM32H7xx_HAL_Driver/Src/stm32h7xx_hal_gpio.c" -mcpu=cortex-m7 -std=gnu11 -g3 -DUSE_HAL_DRIVER -DSTM32H743xx -DDEBUG -c -I../Core/Inc -I../Drivers/STM32H7xx_HAL_Driver/Inc -I../Drivers/STM32H7xx_HAL_Driver/Inc/Legacy -I../Drivers/CMSIS/Device/ST/STM32H7xx/Include -I../Drivers/CMSIS/Include -O0 -ffunction-sections -fdata-sections -Wall -fstack-usage -MMD -MP -MF"Drivers/STM32H7xx_HAL_Driver/Src/stm32h7xx_hal_gpio.d" -MT"Drivers/STM32H7xx_HAL_Driver/Src/stm32h7xx_hal_gpio.o" --specs=nano.specs -mfpu=fpv5-d16 -mfloat-abi=hard -mthumb -o "Drivers/STM32H7xx_HAL_Driver/Src/stm32h7xx_hal_gpio.o"
arm-none-eabi-gcc "../Drivers/STM32H7xx_HAL_Driver/Src/stm32h7xx_hal_hsem.c" -mcpu=cortex-m7 -std=gnu11 -g3 -DUSE_HAL_DRIVER -DSTM32H743xx -DDEBUG -c -I../Core/Inc -I../Drivers/STM32H7xx_HAL_Driver/Inc -I../Drivers/STM32H7xx_HAL_Driver/Inc/Legacy -I../Drivers/CMSIS/Device/ST/STM32H7xx/Include -I../Drivers/CMSIS/Include -O0 -ffunction-sections -fdata-sections -Wall -fstack-usage -MMD -MP -MF"Drivers/STM32H7xx_HAL_Driver/Src/stm32h7xx_hal_hsem.d" -MT"Drivers/STM32H7xx_HAL_Driver/Src/stm32h7xx_hal_hsem.o" --specs=nano.specs -mfpu=fpv5-d16 -mfloat-abi=hard -mthumb -o "Drivers/STM32H7xx_HAL_Driver/Src/stm32h7xx_hal_hsem.o"
arm-none-eabi-gcc "../Drivers/STM32H7xx_HAL_Driver/Src/stm32h7xx_hal_i2c.c" -mcpu=cortex-m7 -std=gnu11 -g3 -DUSE_HAL_DRIVER -DSTM32H743xx -DDEBUG -c -I../Core/Inc -I../Drivers/STM32H7xx_HAL_Driver/Inc -I../Drivers/STM32H7xx_HAL_Driver/Inc/Legacy -I../Drivers/CMSIS/Device/ST/STM32H7xx/Include -I../Drivers/CMSIS/Include -O0 -ffunction-sections -fdata-sections -Wall -fstack-usage -MMD -MP -MF"Drivers/STM32H7xx_HAL_Driver/Src/stm32h7xx_hal_i2c.d" -MT"Drivers/STM32H7xx_HAL_Driver/Src/stm32h7xx_hal_i2c.o" --specs=nano.specs -mfpu=fpv5-d16 -mfloat-abi=hard -mthumb -o "Drivers/STM32H7xx_HAL_Driver/Src/stm32h7xx_hal_i2c.o"
arm-none-eabi-gcc "../Drivers/STM32H7xx_HAL_Driver/Src/stm32h7xx_hal_i2c_ex.c" -mcpu=cortex-m7 -std=gnu11 -g3 -DUSE_HAL_DRIVER -DSTM32H743xx -DDEBUG -c -I../Core/Inc -I../Drivers/STM32H7xx_HAL_Driver/Inc -I../Drivers/STM32H7xx_HAL_Driver/Inc/Legacy -I../Drivers/CMSIS/Device/ST/STM32H7xx/Include -I../Drivers/CMSIS/Include -O0 -ffunction-sections -fdata-sections -Wall -fstack-usage -MMD -MP -MF"Drivers/STM32H7xx_HAL_Driver/Src/stm32h7xx_hal_i2c_ex.d" -MT"Drivers/STM32H7xx_HAL_Driver/Src/stm32h7xx_hal_i2c_ex.o" --specs=nano.specs -mfpu=fpv5-d16 -mfloat-abi=hard -mthumb -o "Drivers/STM32H7xx_HAL_Driver/Src/stm32h7xx_hal_i2c_ex.o"
arm-none-eabi-gcc "../Drivers/STM32H7xx_HAL_Driver/Src/stm32h7xx_hal_mdma.c" -mcpu=cortex-m7 -std=gnu11 -g3 -DUSE_HAL_DRIVER -DSTM32H743xx -DDEBUG -c -I../Core/Inc -I../Drivers/STM32H7xx_HAL_Driver/Inc -I../Drivers/STM32H7xx_HAL_Driver/Inc/Legacy -I../Drivers/CMSIS/Device/ST/STM32H7xx/Include -I../Drivers/CMSIS/Include -O0 -ffunction-sections -fdata-sections -Wall -fstack-usage -MMD -MP -MF"Drivers/STM32H7xx_HAL_Driver/Src/stm32h7xx_hal_mdma.d" -MT"Drivers/STM32H7xx_HAL_Driver/Src/stm32h7xx_hal_mdma.o" --specs=nano.specs -mfpu=fpv5-d16 -mfloat-abi=hard -mthumb -o "Drivers/STM32H7xx_HAL_Driver/Src/stm32h7xx_hal_mdma.o"
arm-none-eabi-gcc "../Drivers/STM32H7xx_HAL_Driver/Src/stm32h7xx_hal_pcd.c" -mcpu=cortex-m7 -std=gnu11 -g3 -DUSE_HAL_DRIVER -DSTM32H743xx -DDEBUG -c -I../Core/Inc -I../Drivers/STM32H7xx_HAL_Driver/Inc -I../Drivers/STM32H7xx_HAL_Driver/Inc/Legacy -I../Drivers/CMSIS/Device/ST/STM32H7xx/Include -I../Drivers/CMSIS/Include -O0 -ffunction-sections -fdata-sections -Wall -fstack-usage -MMD -MP -MF"Drivers/STM32H7xx_HAL_Driver/Src/stm32h7xx_hal_pcd.d" -MT"Drivers/STM32H7xx_HAL_Driver/Src/stm32h7xx_hal_pcd.o" --specs=nano.specs -mfpu=fpv5-d16 -mfloat-abi=hard -mthumb -o "Drivers/STM32H7xx_HAL_Driver/Src/stm32h7xx_hal_pcd.o"
arm-none-eabi-gcc "../Drivers/STM32H7xx_HAL_Driver/Src/stm32h7xx_hal_pcd_ex.c" -mcpu=cortex-m7 -std=gnu11 -g3 -DUSE_HAL_DRIVER -DSTM32H743xx -DDEBUG -c -I../Core/Inc -I../Drivers/STM32H7xx_HAL_Driver/Inc -I../Drivers/STM32H7xx_HAL_Driver/Inc/Legacy -I../Drivers/CMSIS/Device/ST/STM32H7xx/Include -I../Drivers/CMSIS/Include -O0 -ffunction-sections -fdata-sections -Wall -fstack-usage -MMD -MP -MF"Drivers/STM32H7xx_HAL_Driver/Src/stm32h7xx_hal_pcd_ex.d" -MT"Drivers/STM32H7xx_HAL_Driver/Src/stm32h7xx_hal_pcd_ex.o" --specs=nano.specs -mfpu=fpv5-d16 -mfloat-abi=hard -mthumb -o "Drivers/STM32H7xx_HAL_Driver/Src/stm32h7xx_hal_pcd_ex.o"
arm-none-eabi-gcc "../Drivers/STM32H7xx_HAL_Driver/Src/stm32h7xx_hal_pwr.c" -mcpu=cortex-m7 -std=gnu11 -g3 -DUSE_HAL_DRIVER -DSTM32H743xx -DDEBUG -c -I../Core/Inc -I../Drivers/STM32H7xx_HAL_Driver/Inc -I../Drivers/STM32H7xx_HAL_Driver/Inc/Legacy -I../Drivers/CMSIS/Device/ST/STM32H7xx/Include -I../Drivers/CMSIS/Include -O0 -ffunction-sections -fdata-sections -Wall -fstack-usage -MMD -MP -MF"Drivers/STM32H7xx_HAL_Driver/Src/stm32h7xx_hal_pwr.d" -MT"Drivers/STM32H7xx_HAL_Driver/Src/stm32h7xx_hal_pwr.o" --specs=nano.specs -mfpu=fpv5-d16 -mfloat-abi=hard -mthumb -o "Drivers/STM32H7xx_HAL_Driver/Src/stm32h7xx_hal_pwr.o"
arm-none-eabi-gcc "../Drivers/STM32H7xx_HAL_Driver/Src/stm32h7xx_hal_pwr_ex.c" -mcpu=cortex-m7 -std=gnu11 -g3 -DUSE_HAL_DRIVER -DSTM32H743xx -DDEBUG -c -I../Core/Inc -I../Drivers/STM32H7xx_HAL_Driver/Inc -I../Drivers/STM32H7xx_HAL_Driver/Inc/Legacy -I../Drivers/CMSIS/Device/ST/STM32H7xx/Include -I../Drivers/CMSIS/Include -O0 -ffunction-sections -fdata-sections -Wall -fstack-usage -MMD -MP -MF"Drivers/STM32H7xx_HAL_Driver/Src/stm32h7xx_hal_pwr_ex.d" -MT"Drivers/STM32H7xx_HAL_Driver/Src/stm32h7xx_hal_pwr_ex.o" --specs=nano.specs -mfpu=fpv5-d16 -mfloat-abi=hard -mthumb -o "Drivers/STM32H7xx_HAL_Driver/Src/stm32h7xx_hal_pwr_ex.o"
arm-none-eabi-gcc "../Drivers/STM32H7xx_HAL_Driver/Src/stm32h7xx_hal_rcc.c" -mcpu=cortex-m7 -std=gnu11 -g3 -DUSE_HAL_DRIVER -DSTM32H743xx -DDEBUG -c -I../Core/Inc -I../Drivers/STM32H7xx_HAL_Driver/Inc -I../Drivers/STM32H7xx_HAL_Driver/Inc/Legacy -I../Drivers/CMSIS/Device/ST/STM32H7xx/Include -I../Drivers/CMSIS/Include -O0 -ffunction-sections -fdata-sections -Wall -fstack-usage -MMD -MP -MF"Drivers/STM32H7xx_HAL_Driver/Src/stm32h7xx_hal_rcc.d" -MT"Drivers/STM32H7xx_HAL_Driver/Src/stm32h7xx_hal_rcc.o" --specs=nano.specs -mfpu=fpv5-d16 -mfloat-abi=hard -mthumb -o "Drivers/STM32H7xx_HAL_Driver/Src/stm32h7xx_hal_rcc.o"
arm-none-eabi-gcc "../Drivers/STM32H7xx_HAL_Driver/Src/stm32h7xx_hal_rcc_ex.c" -mcpu=cortex-m7 -std=gnu11 -g3 -DUSE_HAL_DRIVER -DSTM32H743xx -DDEBUG -c -I../Core/Inc -I../Drivers/STM32H7xx_HAL_Driver/Inc -I../Drivers/STM32H7xx_HAL_Driver/Inc/Legacy -I../Drivers/CMSIS/Device/ST/STM32H7xx/Include -I../Drivers/CMSIS/Include -O0 -ffunction-sections -fdata-sections -Wall -fstack-usage -MMD -MP -MF"Drivers/STM32H7xx_HAL_Driver/Src/stm32h7xx_hal_rcc_ex.d" -MT"Drivers/STM32H7xx_HAL_Driver/Src/stm32h7xx_hal_rcc_ex.o" --specs=nano.specs -mfpu=fpv5-d16 -mfloat-abi=hard -mthumb -o "Drivers/STM32H7xx_HAL_Driver/Src/stm32h7xx_hal_rcc_ex.o"
arm-none-eabi-gcc "../Drivers/STM32H7xx_HAL_Driver/Src/stm32h7xx_hal_tim.c" -mcpu=cortex-m7 -std=gnu11 -g3 -DUSE_HAL_DRIVER -DSTM32H743xx -DDEBUG -c -I../Core/Inc -I../Drivers/STM32H7xx_HAL_Driver/Inc -I../Drivers/STM32H7xx_HAL_Driver/Inc/Legacy -I../Drivers/CMSIS/Device/ST/STM32H7xx/Include -I../Drivers/CMSIS/Include -O0 -ffunction-sections -fdata-sections -Wall -fstack-usage -MMD -MP -MF"Drivers/STM32H7xx_HAL_Driver/Src/stm32h7xx_hal_tim.d" -MT"Drivers/STM32H7xx_HAL_Driver/Src/stm32h7xx_hal_tim.o" --specs=nano.specs -mfpu=fpv5-d16 -mfloat-abi=hard -mthumb -o "Drivers/STM32H7xx_HAL_Driver/Src/stm32h7xx_hal_tim.o"
arm-none-eabi-gcc "../Drivers/STM32H7xx_HAL_Driver/Src/stm32h7xx_hal_tim_ex.c" -mcpu=cortex-m7 -std=gnu11 -g3 -DUSE_HAL_DRIVER -DSTM32H743xx -DDEBUG -c -I../Core/Inc -I../Drivers/STM32H7xx_HAL_Driver/Inc -I../Drivers/STM32H7xx_HAL_Driver/Inc/Legacy -I../Drivers/CMSIS/Device/ST/STM32H7xx/Include -I../Drivers/CMSIS/Include -O0 -ffunction-sections -fdata-sections -Wall -fstack-usage -MMD -MP -MF"Drivers/STM32H7xx_HAL_Driver/Src/stm32h7xx_hal_tim_ex.d" -MT"Drivers/STM32H7xx_HAL_Driver/Src/stm32h7xx_hal_tim_ex.o" --specs=nano.specs -mfpu=fpv5-d16 -mfloat-abi=hard -mthumb -o "Drivers/STM32H7xx_HAL_Driver/Src/stm32h7xx_hal_tim_ex.o"
arm-none-eabi-gcc "../Drivers/STM32H7xx_HAL_Driver/Src/stm32h7xx_hal_uart.c" -mcpu=cortex-m7 -std=gnu11 -g3 -DUSE_HAL_DRIVER -DSTM32H743xx -DDEBUG -c -I../Core/Inc -I../Drivers/STM32H7xx_HAL_Driver/Inc -I../Drivers/STM32H7xx_HAL_Driver/Inc/Legacy -I../Drivers/CMSIS/Device/ST/STM32H7xx/Include -I../Drivers/CMSIS/Include -O0 -ffunction-sections -fdata-sections -Wall -fstack-usage -MMD -MP -MF"Drivers/STM32H7xx_HAL_Driver/Src/stm32h7xx_hal_uart.d" -MT"Drivers/STM32H7xx_HAL_Driver/Src/stm32h7xx_hal_uart.o" --specs=nano.specs -mfpu=fpv5-d16 -mfloat-abi=hard -mthumb -o "Drivers/STM32H7xx_HAL_Driver/Src/stm32h7xx_hal_uart.o"
arm-none-eabi-gcc "../Drivers/STM32H7xx_HAL_Driver/Src/stm32h7xx_hal_uart_ex.c" -mcpu=cortex-m7 -std=gnu11 -g3 -DUSE_HAL_DRIVER -DSTM32H743xx -DDEBUG -c -I../Core/Inc -I../Drivers/STM32H7xx_HAL_Driver/Inc -I../Drivers/STM32H7xx_HAL_Driver/Inc/Legacy -I../Drivers/CMSIS/Device/ST/STM32H7xx/Include -I../Drivers/CMSIS/Include -O0 -ffunction-sections -fdata-sections -Wall -fstack-usage -MMD -MP -MF"Drivers/STM32H7xx_HAL_Driver/Src/stm32h7xx_hal_uart_ex.d" -MT"Drivers/STM32H7xx_HAL_Driver/Src/stm32h7xx_hal_uart_ex.o" --specs=nano.specs -mfpu=fpv5-d16 -mfloat-abi=hard -mthumb -o "Drivers/STM32H7xx_HAL_Driver/Src/stm32h7xx_hal_uart_ex.o"
arm-none-eabi-gcc "../Drivers/STM32H7xx_HAL_Driver/Src/stm32h7xx_ll_usb.c" -mcpu=cortex-m7 -std=gnu11 -g3 -DUSE_HAL_DRIVER -DSTM32H743xx -DDEBUG -c -I../Core/Inc -I../Drivers/STM32H7xx_HAL_Driver/Inc -I../Drivers/STM32H7xx_HAL_Driver/Inc/Legacy -I../Drivers/CMSIS/Device/ST/STM32H7xx/Include -I../Drivers/CMSIS/Include -O0 -ffunction-sections -fdata-sections -Wall -fstack-usage -MMD -MP -MF"Drivers/STM32H7xx_HAL_Driver/Src/stm32h7xx_ll_usb.d" -MT"Drivers/STM32H7xx_HAL_Driver/Src/stm32h7xx_ll_usb.o" --specs=nano.specs -mfpu=fpv5-d16 -mfloat-abi=hard -mthumb -o "Drivers/STM32H7xx_HAL_Driver/Src/stm32h7xx_ll_usb.o"
arm-none-eabi-gcc "../Core/Src/main.c" -mcpu=cortex-m7 -std=gnu11 -g3 -DUSE_HAL_DRIVER -DSTM32H743xx -DDEBUG -c -I../Core/Inc -I../Drivers/STM32H7xx_HAL_Driver/Inc -I../Drivers/STM32H7xx_HAL_Driver/Inc/Legacy -I../Drivers/CMSIS/Device/ST/STM32H7xx/Include -I../Drivers/CMSIS/Include -O0 -ffunction-sections -fdata-sections -Wall -fstack-usage -MMD -MP -MF"Core/Src/main.d" -MT"Core/Src/main.o" --specs=nano.specs -mfpu=fpv5-d16 -mfloat-abi=hard -mthumb -o "Core/Src/main.o"
arm-none-eabi-gcc "../Core/Src/stm32h7xx_hal_msp.c" -mcpu=cortex-m7 -std=gnu11 -g3 -DUSE_HAL_DRIVER -DSTM32H743xx -DDEBUG -c -I../Core/Inc -I../Drivers/STM32H7xx_HAL_Driver/Inc -I../Drivers/STM32H7xx_HAL_Driver/Inc/Legacy -I../Drivers/CMSIS/Device/ST/STM32H7xx/Include -I../Drivers/CMSIS/Include -O0 -ffunction-sections -fdata-sections -Wall -fstack-usage -MMD -MP -MF"Core/Src/stm32h7xx_hal_msp.d" -MT"Core/Src/stm32h7xx_hal_msp.o" --specs=nano.specs -mfpu=fpv5-d16 -mfloat-abi=hard -mthumb -o "Core/Src/stm32h7xx_hal_msp.o"
arm-none-eabi-gcc "../Core/Src/stm32h7xx_it.c" -mcpu=cortex-m7 -std=gnu11 -g3 -DUSE_HAL_DRIVER -DSTM32H743xx -DDEBUG -c -I../Core/Inc -I../Drivers/STM32H7xx_HAL_Driver/Inc -I../Drivers/STM32H7xx_HAL_Driver/Inc/Legacy -I../Drivers/CMSIS/Device/ST/STM32H7xx/Include -I../Drivers/CMSIS/Include -O0 -ffunction-sections -fdata-sections -Wall -fstack-usage -MMD -MP -MF"Core/Src/stm32h7xx_it.d" -MT"Core/Src/stm32h7xx_it.o" --specs=nano.specs -mfpu=fpv5-d16 -mfloat-abi=hard -mthumb -o "Core/Src/stm32h7xx_it.o"
arm-none-eabi-gcc "../Core/Src/system_stm32h7xx.c" -mcpu=cortex-m7 -std=gnu11 -g3 -DUSE_HAL_DRIVER -DSTM32H743xx -DDEBUG -c -I../Core/Inc -I../Drivers/STM32H7xx_HAL_Driver/Inc -I../Drivers/STM32H7xx_HAL_Driver/Inc/Legacy -I../Drivers/CMSIS/Device/ST/STM32H7xx/Include -I../Drivers/CMSIS/Include -O0 -ffunction-sections -fdata-sections -Wall -fstack-usage -MMD -MP -MF"Core/Src/system_stm32h7xx.d" -MT"Core/Src/system_stm32h7xx.o" --specs=nano.specs -mfpu=fpv5-d16 -mfloat-abi=hard -mthumb -o "Core/Src/system_stm32h7xx.o"
../Core/Src/main.c: In function 'main':
../Core/Src/main.c:117:10: warning: unused variable 'timer_val' [-Wunused-variable]
 uint16_t timer_val;
          ^~~~~~~~~
../Core/Src/main.c: In function 'readBtn':
../Core/Src/main.c:482:1: warning: control reaches end of non-void function [-Wreturn-type]
 }
 ^
arm-none-eabi-gcc -o "lab2.elf" @"objects.list"   -mcpu=cortex-m7 -T"D:\HWs\STM32\lab2\STM32H743ZITX_FLASH.ld" --specs=nosys.specs -Wl,-Map="lab2.map" -Wl,--gc-sections -static --specs=nano.specs -mfpu=fpv5-d16 -mfloat-abi=hard -mthumb -Wl,--start-group -lc -lm -Wl,--end-group
Finished building target: lab2.elf
 
arm-none-eabi-objdump -h -S  lab2.elf  > "lab2.list"
arm-none-eabi-objcopy  -O binary  lab2.elf  "lab2.bin"
arm-none-eabi-size   lab2.elf 
   text	   data	    bss	    dec	    hex	filename
  25844	    216	   3008	  29068	   718c	lab2.elf
Finished building: default.size.stdout
 
Finished building: lab2.bin
 
Finished building: lab2.list
 
13:45:52 **** Incremental Build of configuration Debug for project lab2 ****
make -j8 all 
arm-none-eabi-size   lab2.elf 
   text	   data	    bss	    dec	    hex	filename
  25844	    216	   3008	  29068	   718c	lab2.elf
Finished building: default.size.stdout
 
13:47:10 **** Incremental Build of configuration Debug for project lab2 ****
make -j8 all 
arm-none-eabi-size   lab2.elf 
   text	   data	    bss	    dec	    hex	filename
  25844	    216	   3008	  29068	   718c	lab2.elf
Finished building: default.size.stdout
 
13:47:25 **** Incremental Build of configuration Debug for project lab2 ****
make -j8 all 
arm-none-eabi-size   lab2.elf 
   text	   data	    bss	    dec	    hex	filename
  25844	    216	   3008	  29068	   718c	lab2.elf
Finished building: default.size.stdout
 
14:12:29 **** Incremental Build of configuration Debug for project lab2 ****
make -j8 all 
arm-none-eabi-gcc "../Core/Src/main.c" -mcpu=cortex-m7 -std=gnu11 -g3 -DUSE_HAL_DRIVER -DSTM32H743xx -DDEBUG -c -I../Core/Inc -I../Drivers/STM32H7xx_HAL_Driver/Inc -I../Drivers/STM32H7xx_HAL_Driver/Inc/Legacy -I../Drivers/CMSIS/Device/ST/STM32H7xx/Include -I../Drivers/CMSIS/Include -O0 -ffunction-sections -fdata-sections -Wall -fstack-usage -MMD -MP -MF"Core/Src/main.d" -MT"Core/Src/main.o" --specs=nano.specs -mfpu=fpv5-d16 -mfloat-abi=hard -mthumb -o "Core/Src/main.o"
../Core/Src/main.c:99:1: error: unknown type name 'uint_16t'; did you mean 'uint16_t'?
 uint_16t systime;
 ^~~~~~~~
 uint16_t
../Core/Src/main.c: In function 'main':
../Core/Src/main.c:117:10: warning: unused variable 'timer_val' [-Wunused-variable]
 uint16_t timer_val;
          ^~~~~~~~~
../Core/Src/main.c: In function 'readBtn':
../Core/Src/main.c:482:1: warning: control reaches end of non-void function [-Wreturn-type]
 }
 ^
make: *** [Core/Src/subdir.mk:33: Core/Src/main.o] Error 1
"make -j8 all" terminated with exit code 2. Build might be incomplete.
14:17:33 **** Incremental Build of configuration Debug for project lab2 ****
make -j8 all 
arm-none-eabi-gcc "../Core/Src/main.c" -mcpu=cortex-m7 -std=gnu11 -g3 -DUSE_HAL_DRIVER -DSTM32H743xx -DDEBUG -c -I../Core/Inc -I../Drivers/STM32H7xx_HAL_Driver/Inc -I../Drivers/STM32H7xx_HAL_Driver/Inc/Legacy -I../Drivers/CMSIS/Device/ST/STM32H7xx/Include -I../Drivers/CMSIS/Include -O0 -ffunction-sections -fdata-sections -Wall -fstack-usage -MMD -MP -MF"Core/Src/main.d" -MT"Core/Src/main.o" --specs=nano.specs -mfpu=fpv5-d16 -mfloat-abi=hard -mthumb -o "Core/Src/main.o"
../Core/Src/main.c: In function 'main':
../Core/Src/main.c:117:10: warning: unused variable 'timer_val' [-Wunused-variable]
 uint16_t timer_val;
          ^~~~~~~~~
../Core/Src/main.c: In function 'readBtn':
../Core/Src/main.c:482:1: warning: control reaches end of non-void function [-Wreturn-type]
 }
 ^
arm-none-eabi-gcc -o "lab2.elf" @"objects.list"   -mcpu=cortex-m7 -T"D:\HWs\STM32\lab2\STM32H743ZITX_FLASH.ld" --specs=nosys.specs -Wl,-Map="lab2.map" -Wl,--gc-sections -static --specs=nano.specs -mfpu=fpv5-d16 -mfloat-abi=hard -mthumb -Wl,--start-group -lc -lm -Wl,--end-group
Finished building target: lab2.elf
 
arm-none-eabi-objdump -h -S  lab2.elf  > "lab2.list"
arm-none-eabi-objcopy  -O binary  lab2.elf  "lab2.bin"
arm-none-eabi-size   lab2.elf 
   text	   data	    bss	    dec	    hex	filename
  25856	    216	   3008	  29080	   7198	lab2.elf
Finished building: default.size.stdout
 
Finished building: lab2.bin
 
Finished building: lab2.list
 
