main.c:82:6:Task1	8	static
main.c:87:6:Task2	48	static
main.c:93:6:Task4	4	static
main.c:104:6:Task5	8	static
main.c:126:5:main	8	static
main.c:180:6:SystemClock_Config	88	static
main.c:225:13:MX_TIM3_Init	32	static
main.c:270:13:MX_USART2_UART_Init	8	static
main.c:303:13:MX_GPIO_Init	48	static
main.c:333:10:SCH_Add_Task	32	static
main.c:354:6:SCH_Update	16	static
main.c:380:6:SCH_Dispatch_Tasks	16	static
main.c:412:6:SCH_Delete_Task	16	static
main.c:448:6:SCH_Report_Status	4	static
main.c:470:6:HAL_TIM_PeriodElapsedCallback	16	static
main.c:487:6:Error_Handler	4	static,ignoring_inline_asm
